This file contains any messages produced by compilers while
running configure, to aid debugging if configure makes a mistake.

It was created by pangox-compat configure 0.0.2, which was
generated by GNU Autoconf 2.68.  Invocation command line was

  $ ./configure --prefix=/home/tim/.local --sysconfdir=/home/tim/.local/etc

## --------- ##
## Platform. ##
## --------- ##

hostname = ceres
uname -m = x86_64
uname -r = 6.17.0-8-generic
uname -s = Linux
uname -v = #8-Ubuntu SMP PREEMPT_DYNAMIC Fri Nov 14 21:44:46 UTC 2025

/usr/bin/uname -p = unknown
/bin/uname -X     = unknown

/bin/arch              = x86_64
/usr/bin/arch -k       = unknown
/usr/convex/getsysinfo = unknown
/usr/bin/hostinfo      = unknown
/bin/machine           = unknown
/usr/bin/oslevel       = unknown
/bin/universe          = unknown

PATH: /home/tim/.local/bin
PATH: /home/tim/.local/bin
PATH: /tmp/.mount_CursorKwPaoy/usr/bin/
PATH: /tmp/.mount_CursorKwPaoy/usr/sbin/
PATH: /tmp/.mount_CursorKwPaoy/usr/games/
PATH: /tmp/.mount_CursorKwPaoy/bin/
PATH: /tmp/.mount_CursorKwPaoy/sbin/
PATH: /home/tim/.local/bin
PATH: /usr/local/sbin
PATH: /usr/local/bin
PATH: /usr/sbin
PATH: /usr/bin
PATH: /sbin
PATH: /bin
PATH: /usr/games
PATH: /usr/local/games
PATH: /snap/bin
PATH: /snap/bin


## ----------- ##
## Core tests. ##
## ----------- ##

configure:2172: checking for a BSD-compatible install
configure:2240: result: /usr/bin/install -c
configure:2251: checking whether build environment is sane
configure:2301: result: yes
configure:2442: checking for a thread-safe mkdir -p
configure:2481: result: ./install-sh -c -d
configure:2494: checking for gawk
configure:2524: result: no
configure:2494: checking for mawk
configure:2510: found /usr/bin/mawk
configure:2521: result: mawk
configure:2532: checking whether make sets $(MAKE)
configure:2554: result: yes
configure:2645: checking whether make supports nested variables
configure:2662: result: yes
configure:2722: checking for gcc
configure:2738: found /usr/bin/gcc
configure:2749: result: gcc
configure:2978: checking for C compiler version
configure:2987: gcc --version >&5
gcc (Ubuntu 15.2.0-4ubuntu4) 15.2.0
Copyright (C) 2025 Free Software Foundation, Inc.
This is free software; see the source for copying conditions.  There is NO
warranty; not even for MERCHANTABILITY or FITNESS FOR A PARTICULAR PURPOSE.

configure:2998: $? = 0
configure:2987: gcc -v >&5
Using built-in specs.
COLLECT_GCC=gcc
COLLECT_LTO_WRAPPER=/usr/libexec/gcc/x86_64-linux-gnu/15/lto-wrapper
OFFLOAD_TARGET_NAMES=nvptx-none:amdgcn-amdhsa
OFFLOAD_TARGET_DEFAULT=1
Target: x86_64-linux-gnu
Configured with: ../src/configure -v --with-pkgversion='Ubuntu 15.2.0-4ubuntu4' --with-bugurl=file:///usr/share/doc/gcc-15/README.Bugs --enable-languages=c,ada,c++,go,d,fortran,objc,obj-c++,m2,rust,cobol,algol68 --prefix=/usr --with-gcc-major-version-only --program-suffix=-15 --program-prefix=x86_64-linux-gnu- --enable-shared --enable-linker-build-id --libexecdir=/usr/libexec --without-included-gettext --enable-threads=posix --libdir=/usr/lib --enable-nls --enable-bootstrap --enable-clocale=gnu --enable-libstdcxx-debug --enable-libstdcxx-time=yes --with-default-libstdcxx-abi=new --enable-libstdcxx-backtrace --enable-gnu-unique-object --disable-vtable-verify --enable-plugin --enable-default-pie --with-system-zlib --enable-libphobos-checking=release --with-target-system-zlib=auto --enable-objc-gc=auto --enable-multiarch --disable-werror --enable-cet --with-arch-32=i686 --with-abi=m64 --with-multilib-list=m32,m64,mx32 --enable-multilib --with-tune=generic --enable-offload-targets=nvptx-none=/build/gcc-15-deiAlw/gcc-15-15.2.0/debian/tmp-nvptx/usr,amdgcn-amdhsa=/build/gcc-15-deiAlw/gcc-15-15.2.0/debian/tmp-gcn/usr --enable-offload-defaulted --without-cuda-driver --enable-checking=release --build=x86_64-linux-gnu --host=x86_64-linux-gnu --target=x86_64-linux-gnu --with-build-config=bootstrap-lto-lean --enable-link-serialization=2
Thread model: posix
Supported LTO compression algorithms: zlib zstd
gcc version 15.2.0 (Ubuntu 15.2.0-4ubuntu4) 
... rest of stderr output deleted ...
configure:2998: $? = 0
configure:2987: gcc -V >&5
gcc: error: unrecognized command-line option '-V'
gcc: fatal error: no input files
compilation terminated.
configure:2998: $? = 1
configure:2987: gcc -qversion >&5
gcc: error: unrecognized command-line option '-qversion'; did you mean '--version'?
gcc: fatal error: no input files
compilation terminated.
configure:2998: $? = 1
configure:3018: checking whether the C compiler works
configure:3040: gcc    conftest.c  >&5
configure:3044: $? = 0
configure:3092: result: yes
configure:3095: checking for C compiler default output file name
configure:3097: result: a.out
configure:3103: checking for suffix of executables
configure:3110: gcc -o conftest    conftest.c  >&5
configure:3114: $? = 0
configure:3136: result: 
configure:3158: checking whether we are cross compiling
configure:3166: gcc -o conftest    conftest.c  >&5
configure:3170: $? = 0
configure:3177: ./conftest
configure:3181: $? = 0
configure:3196: result: no
configure:3201: checking for suffix of object files
configure:3223: gcc -c   conftest.c >&5
configure:3227: $? = 0
configure:3248: result: o
configure:3252: checking whether we are using the GNU C compiler
configure:3271: gcc -c   conftest.c >&5
configure:3271: $? = 0
configure:3280: result: yes
configure:3289: checking whether gcc accepts -g
configure:3309: gcc -c -g  conftest.c >&5
configure:3309: $? = 0
configure:3350: result: yes
configure:3367: checking for gcc option to accept ISO C89
configure:3431: gcc  -c -g -O2  conftest.c >&5
conftest.c: In function 'e':
conftest.c:18:14: warning: old-style function definition [-Wold-style-definition]
   18 | static char *e (p, i)
      |              ^
configure:3431: $? = 0
configure:3444: result: none needed
configure:3475: checking for style of include used by make
configure:3503: result: GNU
configure:3529: checking dependency style of gcc
configure:3640: result: gcc3
configure:3684: checking build system type
configure:3698: result: x86_64-unknown-linux-gnu
configure:3718: checking host system type
configure:3731: result: x86_64-unknown-linux-gnu
configure:3772: checking how to print strings
configure:3799: result: printf
configure:3820: checking for a sed that does not truncate output
configure:3884: result: /usr/bin/sed
configure:3902: checking for grep that handles long lines and -e
configure:3960: result: /usr/bin/grep
configure:3965: checking for egrep
configure:4027: result: /usr/bin/grep -E
configure:4032: checking for fgrep
configure:4094: result: /usr/bin/grep -F
configure:4129: checking for ld used by gcc
configure:4196: result: /usr/bin/x86_64-linux-gnu-ld
configure:4203: checking if the linker (/usr/bin/x86_64-linux-gnu-ld) is GNU ld
configure:4218: result: yes
configure:4230: checking for BSD- or MS-compatible name lister (nm)
configure:4279: result: /usr/bin/nm -B
configure:4409: checking the name lister (/usr/bin/nm -B) interface
configure:4416: gcc -c -g -O2  conftest.c >&5
configure:4419: /usr/bin/nm -B "conftest.o"
configure:4422: output
0000000000000000 B some_variable
configure:4429: result: BSD nm
configure:4432: checking whether ln -s works
configure:4436: result: yes
configure:4444: checking the maximum length of command line arguments
configure:4574: result: 1572864
configure:4591: checking whether the shell understands some XSI constructs
configure:4601: result: yes
configure:4605: checking whether the shell understands "+="
configure:4611: result: yes
configure:4646: checking how to convert x86_64-unknown-linux-gnu file names to x86_64-unknown-linux-gnu format
configure:4686: result: func_convert_file_noop
configure:4693: checking how to convert x86_64-unknown-linux-gnu file names to toolchain format
configure:4713: result: func_convert_file_noop
configure:4720: checking for /usr/bin/x86_64-linux-gnu-ld option to reload object files
configure:4727: result: -r
configure:4801: checking for objdump
configure:4817: found /usr/bin/objdump
configure:4828: result: objdump
configure:4860: checking how to recognize dependent libraries
configure:5062: result: pass_all
configure:5147: checking for dlltool
configure:5177: result: no
configure:5207: checking how to associate runtime and link libraries
configure:5234: result: printf %s\n
configure:5295: checking for ar
configure:5311: found /usr/bin/ar
configure:5322: result: ar
configure:5359: checking for archiver @FILE support
configure:5376: gcc -c -g -O2  conftest.c >&5
configure:5376: $? = 0
configure:5379: ar cru libconftest.a @conftest.lst >&5
ar: `u' modifier ignored since `D' is the default (see `U')
configure:5382: $? = 0
configure:5387: ar cru libconftest.a @conftest.lst >&5
ar: `u' modifier ignored since `D' is the default (see `U')
ar: conftest.o: No such file or directory
configure:5390: $? = 1
configure:5402: result: @
configure:5460: checking for strip
configure:5476: found /usr/bin/strip
configure:5487: result: strip
configure:5559: checking for ranlib
configure:5575: found /usr/bin/ranlib
configure:5586: result: ranlib
configure:5688: checking command to parse /usr/bin/nm -B output from gcc object
configure:5808: gcc -c -g -O2  conftest.c >&5
configure:5811: $? = 0
configure:5815: /usr/bin/nm -B conftest.o \| sed -n -e 's/^.*[ ]\([ABCDGIRSTW][ABCDGIRSTW]*\)[ ][ ]*\([_A-Za-z][_A-Za-z0-9]*\)$/\1 \2 \2/p' | sed '/ __gnu_lto/d' \> conftest.nm
configure:5818: $? = 0
configure:5884: gcc -o conftest -g -O2   conftest.c conftstm.o >&5
configure:5887: $? = 0
configure:5925: result: ok
configure:5962: checking for sysroot
configure:5992: result: no
configure:6069: gcc -c -g -O2  conftest.c >&5
configure:6072: $? = 0
configure:6248: checking for mt
configure:6264: found /usr/bin/mt
configure:6275: result: mt
configure:6298: checking if mt is a manifest tool
configure:6304: mt '-?'
configure:6312: result: no
configure:6954: checking how to run the C preprocessor
configure:6985: gcc -E  conftest.c
configure:6985: $? = 0
configure:6999: gcc -E  conftest.c
conftest.c:11:10: fatal error: ac_nonexistent.h: No such file or directory
   11 | #include <ac_nonexistent.h>
      |          ^~~~~~~~~~~~~~~~~~
compilation terminated.
configure:6999: $? = 1
configure: failed program was:
| /* confdefs.h */
| #define PACKAGE_NAME "pangox-compat"
| #define PACKAGE_TARNAME "pangox-compat"
| #define PACKAGE_VERSION "0.0.2"
| #define PACKAGE_STRING "pangox-compat 0.0.2"
| #define PACKAGE_BUGREPORT "/dev/null"
| #define PACKAGE_URL ""
| #define PACKAGE "pangox-compat"
| #define VERSION "0.0.2"
| /* end confdefs.h.  */
| #include <ac_nonexistent.h>
configure:7024: result: gcc -E
configure:7044: gcc -E  conftest.c
configure:7044: $? = 0
configure:7058: gcc -E  conftest.c
conftest.c:11:10: fatal error: ac_nonexistent.h: No such file or directory
   11 | #include <ac_nonexistent.h>
      |          ^~~~~~~~~~~~~~~~~~
compilation terminated.
configure:7058: $? = 1
configure: failed program was:
| /* confdefs.h */
| #define PACKAGE_NAME "pangox-compat"
| #define PACKAGE_TARNAME "pangox-compat"
| #define PACKAGE_VERSION "0.0.2"
| #define PACKAGE_STRING "pangox-compat 0.0.2"
| #define PACKAGE_BUGREPORT "/dev/null"
| #define PACKAGE_URL ""
| #define PACKAGE "pangox-compat"
| #define VERSION "0.0.2"
| /* end confdefs.h.  */
| #include <ac_nonexistent.h>
configure:7087: checking for ANSI C header files
configure:7107: gcc -c -g -O2  conftest.c >&5
configure:7107: $? = 0
configure:7180: gcc -o conftest -g -O2   conftest.c  >&5
configure:7180: $? = 0
configure:7180: ./conftest
configure:7180: $? = 0
configure:7191: result: yes
configure:7204: checking for sys/types.h
configure:7204: gcc -c -g -O2  conftest.c >&5
configure:7204: $? = 0
configure:7204: result: yes
configure:7204: checking for sys/stat.h
configure:7204: gcc -c -g -O2  conftest.c >&5
configure:7204: $? = 0
configure:7204: result: yes
configure:7204: checking for stdlib.h
configure:7204: gcc -c -g -O2  conftest.c >&5
configure:7204: $? = 0
configure:7204: result: yes
configure:7204: checking for string.h
configure:7204: gcc -c -g -O2  conftest.c >&5
configure:7204: $? = 0
configure:7204: result: yes
configure:7204: checking for memory.h
configure:7204: gcc -c -g -O2  conftest.c >&5
configure:7204: $? = 0
configure:7204: result: yes
configure:7204: checking for strings.h
configure:7204: gcc -c -g -O2  conftest.c >&5
configure:7204: $? = 0
configure:7204: result: yes
configure:7204: checking for inttypes.h
configure:7204: gcc -c -g -O2  conftest.c >&5
configure:7204: $? = 0
configure:7204: result: yes
configure:7204: checking for stdint.h
configure:7204: gcc -c -g -O2  conftest.c >&5
configure:7204: $? = 0
configure:7204: result: yes
configure:7204: checking for unistd.h
configure:7204: gcc -c -g -O2  conftest.c >&5
configure:7204: $? = 0
configure:7204: result: yes
configure:7218: checking for dlfcn.h
configure:7218: gcc -c -g -O2  conftest.c >&5
configure:7218: $? = 0
configure:7218: result: yes
configure:7424: checking for objdir
configure:7439: result: .libs
configure:7706: checking if gcc supports -fno-rtti -fno-exceptions
configure:7724: gcc -c -g -O2  -fno-rtti -fno-exceptions conftest.c >&5
cc1: warning: command-line option '-fno-rtti' is valid for C++/D/ObjC++ but not for C
configure:7728: $? = 0
configure:7741: result: no
configure:8068: checking for gcc option to produce PIC
configure:8075: result: -fPIC -DPIC
configure:8083: checking if gcc PIC flag -fPIC -DPIC works
configure:8101: gcc -c -g -O2  -fPIC -DPIC -DPIC conftest.c >&5
configure:8105: $? = 0
configure:8118: result: yes
configure:8147: checking if gcc static flag -static works
configure:8175: result: yes
configure:8190: checking if gcc supports -c -o file.o
configure:8211: gcc -c -g -O2  -o out/conftest2.o conftest.c >&5
configure:8215: $? = 0
configure:8237: result: yes
configure:8245: checking if gcc supports -c -o file.o
configure:8292: result: yes
configure:8325: checking whether the gcc linker (/usr/bin/x86_64-linux-gnu-ld -m elf_x86_64) supports shared libraries
configure:9482: result: yes
configure:9519: checking whether -lc should be explicitly linked in
configure:9527: gcc -c -g -O2  conftest.c >&5
configure:9530: $? = 0
configure:9545: gcc -shared  -fPIC -DPIC conftest.o  -v -Wl,-soname -Wl,conftest -o conftest 2\>\&1 \| /usr/bin/grep  -lc  \>/dev/null 2\>\&1
configure:9548: $? = 0
configure:9562: result: no
configure:9722: checking dynamic linker characteristics
configure:10233: gcc -o conftest -g -O2   -Wl,-rpath -Wl,/foo conftest.c  >&5
configure:10233: $? = 0
configure:10467: result: GNU/Linux ld.so
configure:10574: checking how to hardcode library paths into programs
configure:10599: result: immediate
configure:11139: checking whether stripping libraries is possible
configure:11144: result: yes
configure:11179: checking if libtool supports shared libraries
configure:11181: result: yes
configure:11184: checking whether to build shared libraries
configure:11205: result: yes
configure:11208: checking whether to build static libraries
configure:11212: result: yes
configure:11304: checking for pkg-config
configure:11322: found /usr/bin/pkg-config
configure:11334: result: /usr/bin/pkg-config
configure:11359: checking pkg-config is at least version 0.9.0
configure:11362: result: yes
configure:11372: checking for PANGO
configure:11379: $PKG_CONFIG --exists --print-errors "pango glib-2.0 >= 2.31.0 gobject-2.0 gmodule-no-export-2.0"
configure:11382: $? = 0
configure:11396: $PKG_CONFIG --exists --print-errors "pango glib-2.0 >= 2.31.0 gobject-2.0 gmodule-no-export-2.0"
configure:11399: $? = 0
configure:11457: result: yes
configure:11462: checking for X
configure:11570: gcc -E  conftest.c
configure:11570: $? = 0
configure:11601: gcc -o conftest -g -O2   conftest.c -lX11  >&5
configure:11601: $? = 0
configure:11651: result: libraries , headers 
configure:11750: gcc -o conftest -g -O2   conftest.c   -lX11 >&5
configure:11750: $? = 0
configure:11848: checking for gethostbyname
configure:11848: gcc -o conftest -g -O2   conftest.c  >&5
configure:11848: $? = 0
configure:11848: result: yes
configure:11945: checking for connect
configure:11945: gcc -o conftest -g -O2   conftest.c  >&5
configure:11945: $? = 0
configure:11945: result: yes
configure:11994: checking for remove
configure:11994: gcc -o conftest -g -O2   conftest.c  >&5
configure:11994: $? = 0
configure:11994: result: yes
configure:12043: checking for shmat
configure:12043: gcc -o conftest -g -O2   conftest.c  >&5
configure:12043: $? = 0
configure:12043: result: yes
configure:12101: checking for IceConnectionNumber in -lICE
configure:12126: gcc -o conftest -g -O2   conftest.c -lICE   >&5
configure:12126: $? = 0
configure:12135: result: yes
configure:12311: creating ./config.status

## ---------------------- ##
## Running config.status. ##
## ---------------------- ##

This file was extended by pangox-compat config.status 0.0.2, which was
generated by GNU Autoconf 2.68.  Invocation command line was

  CONFIG_FILES    = 
  CONFIG_HEADERS  = 
  CONFIG_LINKS    = 
  CONFIG_COMMANDS = 
  $ ./config.status 

on ceres

config.status:1028: creating Makefile
config.status:1028: creating pangox.pc
config.status:1200: executing depfiles commands
config.status:1200: executing libtool commands

## ---------------- ##
## Cache variables. ##
## ---------------- ##

ac_cv_build=x86_64-unknown-linux-gnu
ac_cv_c_compiler_gnu=yes
ac_cv_env_CC_set=
ac_cv_env_CC_value=
ac_cv_env_CFLAGS_set=
ac_cv_env_CFLAGS_value=
ac_cv_env_CPPFLAGS_set=
ac_cv_env_CPPFLAGS_value=
ac_cv_env_CPP_set=
ac_cv_env_CPP_value=
ac_cv_env_LDFLAGS_set=
ac_cv_env_LDFLAGS_value=
ac_cv_env_LIBS_set=
ac_cv_env_LIBS_value=
ac_cv_env_PANGO_CFLAGS_set=
ac_cv_env_PANGO_CFLAGS_value=
ac_cv_env_PANGO_LIBS_set=
ac_cv_env_PANGO_LIBS_value=
ac_cv_env_PKG_CONFIG_LIBDIR_set=
ac_cv_env_PKG_CONFIG_LIBDIR_value=
ac_cv_env_PKG_CONFIG_PATH_set=set
ac_cv_env_PKG_CONFIG_PATH_value=/home/tim/.local/lib/pkgconfig
ac_cv_env_PKG_CONFIG_set=
ac_cv_env_PKG_CONFIG_value=
ac_cv_env_XMKMF_set=
ac_cv_env_XMKMF_value=
ac_cv_env_build_alias_set=
ac_cv_env_build_alias_value=
ac_cv_env_host_alias_set=
ac_cv_env_host_alias_value=
ac_cv_env_target_alias_set=
ac_cv_env_target_alias_value=
ac_cv_func_connect=yes
ac_cv_func_gethostbyname=yes
ac_cv_func_remove=yes
ac_cv_func_shmat=yes
ac_cv_have_x='have_x=yes	ac_x_includes='\'''\''	ac_x_libraries='\'''\'''
ac_cv_header_dlfcn_h=yes
ac_cv_header_inttypes_h=yes
ac_cv_header_memory_h=yes
ac_cv_header_stdc=yes
ac_cv_header_stdint_h=yes
ac_cv_header_stdlib_h=yes
ac_cv_header_string_h=yes
ac_cv_header_strings_h=yes
ac_cv_header_sys_stat_h=yes
ac_cv_header_sys_types_h=yes
ac_cv_header_unistd_h=yes
ac_cv_host=x86_64-unknown-linux-gnu
ac_cv_lib_ICE_IceConnectionNumber=yes
ac_cv_objext=o
ac_cv_path_EGREP='/usr/bin/grep -E'
ac_cv_path_FGREP='/usr/bin/grep -F'
ac_cv_path_GREP=/usr/bin/grep
ac_cv_path_SED=/usr/bin/sed
ac_cv_path_ac_pt_PKG_CONFIG=/usr/bin/pkg-config
ac_cv_path_install='/usr/bin/install -c'
ac_cv_prog_AWK=mawk
ac_cv_prog_CPP='gcc -E'
ac_cv_prog_ac_ct_AR=ar
ac_cv_prog_ac_ct_CC=gcc
ac_cv_prog_ac_ct_MANIFEST_TOOL=mt
ac_cv_prog_ac_ct_OBJDUMP=objdump
ac_cv_prog_ac_ct_RANLIB=ranlib
ac_cv_prog_ac_ct_STRIP=strip
ac_cv_prog_cc_c89=
ac_cv_prog_cc_g=yes
ac_cv_prog_make_make_set=yes
am_cv_CC_dependencies_compiler_type=gcc3
am_cv_make_support_nested_variables=yes
lt_cv_ar_at_file=@
lt_cv_archive_cmds_need_lc=no
lt_cv_deplibs_check_method=pass_all
lt_cv_file_magic_cmd='$MAGIC_CMD'
lt_cv_file_magic_test_file=
lt_cv_ld_reload_flag=-r
lt_cv_nm_interface='BSD nm'
lt_cv_objdir=.libs
lt_cv_path_LD=/usr/bin/x86_64-linux-gnu-ld
lt_cv_path_NM='/usr/bin/nm -B'
lt_cv_path_mainfest_tool=no
lt_cv_prog_compiler_c_o=yes
lt_cv_prog_compiler_pic='-fPIC -DPIC'
lt_cv_prog_compiler_pic_works=yes
lt_cv_prog_compiler_rtti_exceptions=no
lt_cv_prog_compiler_static_works=yes
lt_cv_prog_gnu_ld=yes
lt_cv_sharedlib_from_linklib_cmd='printf %s\n'
lt_cv_shlibpath_overrides_runpath=yes
lt_cv_sys_global_symbol_pipe='sed -n -e '\''s/^.*[	 ]\([ABCDGIRSTW][ABCDGIRSTW]*\)[	 ][	 ]*\([_A-Za-z][_A-Za-z0-9]*\)$/\1 \2 \2/p'\'' | sed '\''/ __gnu_lto/d'\'''
lt_cv_sys_global_symbol_to_c_name_address='sed -n -e '\''s/^: \([^ ]*\)[ ]*$/  {\"\1\", (void *) 0},/p'\'' -e '\''s/^[ABCDGIRSTW]* \([^ ]*\) \([^ ]*\)$/  {"\2", (void *) \&\2},/p'\'''
lt_cv_sys_global_symbol_to_c_name_address_lib_prefix='sed -n -e '\''s/^: \([^ ]*\)[ ]*$/  {\"\1\", (void *) 0},/p'\'' -e '\''s/^[ABCDGIRSTW]* \([^ ]*\) \(lib[^ ]*\)$/  {"\2", (void *) \&\2},/p'\'' -e '\''s/^[ABCDGIRSTW]* \([^ ]*\) \([^ ]*\)$/  {"lib\2", (void *) \&\2},/p'\'''
lt_cv_sys_global_symbol_to_cdecl='sed -n -e '\''s/^T .* \(.*\)$/extern int \1();/p'\'' -e '\''s/^[ABCDGIRSTW]* .* \(.*\)$/extern char \1;/p'\'''
lt_cv_sys_max_cmd_len=1572864
lt_cv_to_host_file_cmd=func_convert_file_noop
lt_cv_to_tool_file_cmd=func_convert_file_noop
pkg_cv_PANGO_CFLAGS='-I/usr/include/pango-1.0 -I/usr/include/glib-2.0 -I/usr/lib/x86_64-linux-gnu/glib-2.0/include -I/usr/include/sysprof-6 -I/usr/include/harfbuzz -I/usr/include/freetype2 -I/usr/include/libpng16 -I/usr/include/libmount -I/usr/include/blkid -I/usr/include/fribidi -I/usr/include/cairo -I/usr/include/pixman-1 -pthread '
pkg_cv_PANGO_LIBS='-lpango-1.0 -lharfbuzz -lgobject-2.0 -lgmodule-2.0 -pthread -lglib-2.0 '

## ----------------- ##
## Output variables. ##
## ----------------- ##

ACLOCAL='${SHELL} /home/tim/Desktop/idtech3/build-deps/pangox-compat-0.0.2/missing --run aclocal-1.11'
AMDEPBACKSLASH='\'
AMDEP_FALSE='#'
AMDEP_TRUE=''
AMTAR='$${TAR-tar}'
AM_BACKSLASH='\'
AM_DEFAULT_V='$(AM_DEFAULT_VERBOSITY)'
AM_DEFAULT_VERBOSITY='0'
AM_V='$(V)'
AR='ar'
AUTOCONF='${SHELL} /home/tim/Desktop/idtech3/build-deps/pangox-compat-0.0.2/missing --run autoconf'
AUTOHEADER='${SHELL} /home/tim/Desktop/idtech3/build-deps/pangox-compat-0.0.2/missing --run autoheader'
AUTOMAKE='${SHELL} /home/tim/Desktop/idtech3/build-deps/pangox-compat-0.0.2/missing --run automake-1.11'
AWK='mawk'
CC='gcc'
CCDEPMODE='depmode=gcc3'
CFLAGS='-g -O2'
CPP='gcc -E'
CPPFLAGS=''
CYGPATH_W='echo'
DEFS='-DPACKAGE_NAME=\"pangox-compat\" -DPACKAGE_TARNAME=\"pangox-compat\" -DPACKAGE_VERSION=\"0.0.2\" -DPACKAGE_STRING=\"pangox-compat\ 0.0.2\" -DPACKAGE_BUGREPORT=\"/dev/null\" -DPACKAGE_URL=\"\" -DPACKAGE=\"pangox-compat\" -DVERSION=\"0.0.2\" -DSTDC_HEADERS=1 -DHAVE_SYS_TYPES_H=1 -DHAVE_SYS_STAT_H=1 -DHAVE_STDLIB_H=1 -DHAVE_STRING_H=1 -DHAVE_MEMORY_H=1 -DHAVE_STRINGS_H=1 -DHAVE_INTTYPES_H=1 -DHAVE_STDINT_H=1 -DHAVE_UNISTD_H=1 -DHAVE_DLFCN_H=1 -DLT_OBJDIR=\".libs/\"'
DEPDIR='.deps'
DLLTOOL='false'
DSYMUTIL=''
DUMPBIN=''
ECHO_C=''
ECHO_N='-n'
ECHO_T=''
EGREP='/usr/bin/grep -E'
EXEEXT=''
FGREP='/usr/bin/grep -F'
GREP='/usr/bin/grep'
INSTALL_DATA='${INSTALL} -m 644'
INSTALL_PROGRAM='${INSTALL}'
INSTALL_SCRIPT='${INSTALL}'
INSTALL_STRIP_PROGRAM='$(install_sh) -c -s'
LD='/usr/bin/x86_64-linux-gnu-ld -m elf_x86_64'
LDFLAGS=''
LIBOBJS=''
LIBS=''
LIBTOOL='$(SHELL) $(top_builddir)/libtool'
LIPO=''
LN_S='ln -s'
LTLIBOBJS=''
MAKEINFO='${SHELL} /home/tim/Desktop/idtech3/build-deps/pangox-compat-0.0.2/missing --run makeinfo'
MANIFEST_TOOL=':'
MKDIR_P='./install-sh -c -d'
NM='/usr/bin/nm -B'
NMEDIT=''
OBJDUMP='objdump'
OBJEXT='o'
OTOOL64=''
OTOOL=''
PACKAGE='pangox-compat'
PACKAGE_BUGREPORT='/dev/null'
PACKAGE_NAME='pangox-compat'
PACKAGE_STRING='pangox-compat 0.0.2'
PACKAGE_TARNAME='pangox-compat'
PACKAGE_URL=''
PACKAGE_VERSION='0.0.2'
PANGO_CFLAGS='-I/usr/include/pango-1.0 -I/usr/include/glib-2.0 -I/usr/lib/x86_64-linux-gnu/glib-2.0/include -I/usr/include/sysprof-6 -I/usr/include/harfbuzz -I/usr/include/freetype2 -I/usr/include/libpng16 -I/usr/include/libmount -I/usr/include/blkid -I/usr/include/fribidi -I/usr/include/cairo -I/usr/include/pixman-1 -pthread '
PANGO_LIBS='-lpango-1.0 -lharfbuzz -lgobject-2.0 -lgmodule-2.0 -pthread -lglib-2.0 '
PATH_SEPARATOR=':'
PKG_CONFIG='/usr/bin/pkg-config'
PKG_CONFIG_LIBDIR=''
PKG_CONFIG_PATH='/home/tim/.local/lib/pkgconfig'
RANLIB='ranlib'
SED='/usr/bin/sed'
SET_MAKE=''
SHELL='/bin/bash'
STRIP='strip'
VERSION='0.0.2'
XMKMF=''
X_CFLAGS=''
X_EXTRA_LIBS=''
X_LIBS=' -lX11'
X_PRE_LIBS=' -lSM -lICE'
ac_ct_AR='ar'
ac_ct_CC='gcc'
ac_ct_DUMPBIN=''
am__EXEEXT_FALSE=''
am__EXEEXT_TRUE='#'
am__fastdepCC_FALSE='#'
am__fastdepCC_TRUE=''
am__include='include'
am__isrc=''
am__leading_dot='.'
am__nodep='_no'
am__quote=''
am__tar='$${TAR-tar} chof - "$$tardir"'
am__untar='$${TAR-tar} xf -'
bindir='${exec_prefix}/bin'
build='x86_64-unknown-linux-gnu'
build_alias=''
build_cpu='x86_64'
build_os='linux-gnu'
build_vendor='unknown'
datadir='${datarootdir}'
datarootdir='${prefix}/share'
docdir='${datarootdir}/doc/${PACKAGE_TARNAME}'
dvidir='${docdir}'
exec_prefix='${prefix}'
host='x86_64-unknown-linux-gnu'
host_alias=''
host_cpu='x86_64'
host_os='linux-gnu'
host_vendor='unknown'
htmldir='${docdir}'
includedir='${prefix}/include'
infodir='${datarootdir}/info'
install_sh='${SHELL} /home/tim/Desktop/idtech3/build-deps/pangox-compat-0.0.2/install-sh'
libdir='${exec_prefix}/lib'
libexecdir='${exec_prefix}/libexec'
localedir='${datarootdir}/locale'
localstatedir='${prefix}/var'
mandir='${datarootdir}/man'
mkdir_p='$(top_builddir)/./install-sh -c -d'
oldincludedir='/usr/include'
pdfdir='${docdir}'
prefix='/home/tim/.local'
program_transform_name='s,x,x,'
psdir='${docdir}'
sbindir='${exec_prefix}/sbin'
sharedstatedir='${prefix}/com'
sysconfdir='/home/tim/.local/etc'
target_alias=''

## ----------- ##
## confdefs.h. ##
## ----------- ##

/* confdefs.h */
#define PACKAGE_NAME "pangox-compat"
#define PACKAGE_TARNAME "pangox-compat"
#define PACKAGE_VERSION "0.0.2"
#define PACKAGE_STRING "pangox-compat 0.0.2"
#define PACKAGE_BUGREPORT "/dev/null"
#define PACKAGE_URL ""
#define PACKAGE "pangox-compat"
#define VERSION "0.0.2"
#define STDC_HEADERS 1
#define HAVE_SYS_TYPES_H 1
#define HAVE_SYS_STAT_H 1
#define HAVE_STDLIB_H 1
#define HAVE_STRING_H 1
#define HAVE_MEMORY_H 1
#define HAVE_STRINGS_H 1
#define HAVE_INTTYPES_H 1
#define HAVE_STDINT_H 1
#define HAVE_UNISTD_H 1
#define HAVE_DLFCN_H 1
#define LT_OBJDIR ".libs/"

configure: exit 0
