make: Entering directory '/home/tim/Desktop/idtech3/build-vk-Release'
[  0%] Building C object CMakeFiles/botlib.dir/src/botlib/be_aas_bspq3.c.o
[  0%] Building C object CMakeFiles/q3ui.dir/src/sdl/sdl_gamma.c.o
[  0%] Building C object CMakeFiles/client.dir/src/client/auto_map_startup.c.o
[  0%] Building CXX object CMakeFiles/common.dir/src/common/cm_bullet.cpp.o
[  0%] Building C object CMakeFiles/client.dir/src/client/cl_avi.c.o
[  2%] Building C object CMakeFiles/botlib.dir/src/botlib/be_aas_cluster.c.o
[  2%] Building C object CMakeFiles/q3ui.dir/src/sdl/sdl_glimp.c.o
[  2%] Building C object CMakeFiles/q3ui.dir/src/sdl/sdl_input.c.o
[  2%] Building C object CMakeFiles/botlib.dir/src/botlib/be_aas_debug.c.o
[  2%] Building C object CMakeFiles/q3ui.dir/src/sdl/sdl_snd.c.o
[01m[K/home/tim/Desktop/idtech3/src/common/cm_bullet.cpp:[m[K In function ‘[01m[Kvoid[01;32m[K CM_Bullet_BrushToTriangles[m[K(const cbrush_t*, std::vector<btVector3>&, std::vector<int>&)[m[K’:
[01m[K/home/tim/Desktop/idtech3/src/common/cm_bullet.cpp:133:33:[m[K [01;35m[Kwarning: [m[Kunused variable ‘[01m[Kplane[m[K’ [[01;35m[K-Wunused-variable[m[K]
  133 |                 const cplane_t *[01;35m[Kplane[m[K = side->plane;
      |                                 [01;35m[K^~~~~[m[K
[01m[K/home/tim/Desktop/idtech3/src/common/cm_bullet.cpp:128:16:[m[K [01;35m[Kwarning: [m[Kunused variable ‘[01m[Kmins[m[K’ [[01;35m[K-Wunused-variable[m[K]
  128 |         vec3_t [01;35m[Kmins[m[K = {999999, 999999, 999999};
      |                [01;35m[K^~~~[m[K
[01m[K/home/tim/Desktop/idtech3/src/common/cm_bullet.cpp:129:16:[m[K [01;35m[Kwarning: [m[Kunused variable ‘[01m[Kmaxs[m[K’ [[01;35m[K-Wunused-variable[m[K]
  129 |         vec3_t [01;35m[Kmaxs[m[K = {-999999, -999999, -999999};
      |                [01;35m[K^~~~[m[K
[  2%] Building C object CMakeFiles/botlib.dir/src/botlib/be_aas_entity.c.o
[  5%] Building C object CMakeFiles/q3ui.dir/src/sdl/sdl_wayland.c.o
[01m[K/home/tim/Desktop/idtech3/src/sdl/sdl_wayland.c:493:10:[m[K [01;35m[Kwarning: [m[Kno previous prototype for ‘[01m[KGLimp_Wayland_Init[m[K’ [[01;35m[K-Wmissing-prototypes[m[K]
  493 | qboolean [01;35m[KGLimp_Wayland_Init[m[K(void) { return qfalse; }
      |          [01;35m[K^~~~~~~~~~~~~~~~~~[m[K
[01m[K/home/tim/Desktop/idtech3/src/sdl/sdl_wayland.c:494:6:[m[K [01;35m[Kwarning: [m[Kno previous prototype for ‘[01m[KGLimp_Wayland_Shutdown[m[K’ [[01;35m[K-Wmissing-prototypes[m[K]
  494 | void [01;35m[KGLimp_Wayland_Shutdown[m[K(void) {}
      |      [01;35m[K^~~~~~~~~~~~~~~~~~~~~~[m[K
[01m[K/home/tim/Desktop/idtech3/src/sdl/sdl_wayland.c:495:10:[m[K [01;35m[Kwarning: [m[Kno previous prototype for ‘[01m[KGLimp_Wayland_CreateWindow[m[K’ [[01;35m[K-Wmissing-prototypes[m[K]
  495 | qboolean [01;35m[KGLimp_Wayland_CreateWindow[m[K(int width, int height) { return qfalse; }
      |          [01;35m[K^~~~~~~~~~~~~~~~~~~~~~~~~~[m[K
[01m[K/home/tim/Desktop/idtech3/src/sdl/sdl_wayland.c:[m[K In function ‘[01m[KGLimp_Wayland_CreateWindow[m[K’:
[01m[K/home/tim/Desktop/idtech3/src/sdl/sdl_wayland.c:495:41:[m[K [01;35m[Kwarning: [m[Kunused parameter ‘[01m[Kwidth[m[K’ [[01;35m[K-Wunused-parameter[m[K]
  495 | qboolean GLimp_Wayland_CreateWindow([01;35m[Kint width[m[K, int height) { return qfalse; }
      |                                     [01;35m[K~~~~^~~~~[m[K
[01m[K/home/tim/Desktop/idtech3/src/sdl/sdl_wayland.c:495:52:[m[K [01;35m[Kwarning: [m[Kunused parameter ‘[01m[Kheight[m[K’ [[01;35m[K-Wunused-parameter[m[K]
  495 | qboolean GLimp_Wayland_CreateWindow(int width, [01;35m[Kint height[m[K) { return qfalse; }
      |                                                [01;35m[K~~~~^~~~~~[m[K
[01m[K/home/tim/Desktop/idtech3/src/sdl/sdl_wayland.c:[m[K At top level:
[01m[K/home/tim/Desktop/idtech3/src/sdl/sdl_wayland.c:496:6:[m[K [01;35m[Kwarning: [m[Kno previous prototype for ‘[01m[KGLimp_Wayland_DestroyWindow[m[K’ [[01;35m[K-Wmissing-prototypes[m[K]
  496 | void [01;35m[KGLimp_Wayland_DestroyWindow[m[K(void) {}
      |      [01;35m[K^~~~~~~~~~~~~~~~~~~~~~~~~~~[m[K
[01m[K/home/tim/Desktop/idtech3/src/sdl/sdl_wayland.c:497:6:[m[K [01;35m[Kwarning: [m[Kno previous prototype for ‘[01m[KGLimp_Wayland_SetWindowSize[m[K’ [[01;35m[K-Wmissing-prototypes[m[K]
  497 | void [01;35m[KGLimp_Wayland_SetWindowSize[m[K(int width, int height) {}
      |      [01;35m[K^~~~~~~~~~~~~~~~~~~~~~~~~~~[m[K
[01m[K/home/tim/Desktop/idtech3/src/sdl/sdl_wayland.c:[m[K In function ‘[01m[KGLimp_Wayland_SetWindowSize[m[K’:
[01m[K/home/tim/Desktop/idtech3/src/sdl/sdl_wayland.c:497:38:[m[K [01;35m[Kwarning: [m[Kunused parameter ‘[01m[Kwidth[m[K’ [[01;35m[K-Wunused-parameter[m[K]
  497 | void GLimp_Wayland_SetWindowSize([01;35m[Kint width[m[K, int height) {}
      |                                  [01;35m[K~~~~^~~~~[m[K
[01m[K/home/tim/Desktop/idtech3/src/sdl/sdl_wayland.c:497:49:[m[K [01;35m[Kwarning: [m[Kunused parameter ‘[01m[Kheight[m[K’ [[01;35m[K-Wunused-parameter[m[K]
  497 | void GLimp_Wayland_SetWindowSize(int width, [01;35m[Kint height[m[K) {}
      |                                             [01;35m[K~~~~^~~~~~[m[K
[01m[K/home/tim/Desktop/idtech3/src/sdl/sdl_wayland.c:[m[K At top level:
[01m[K/home/tim/Desktop/idtech3/src/sdl/sdl_wayland.c:498:6:[m[K [01;35m[Kwarning: [m[Kno previous prototype for ‘[01m[KGLimp_Wayland_SetWindowTitle[m[K’ [[01;35m[K-Wmissing-prototypes[m[K]
  498 | void [01;35m[KGLimp_Wayland_SetWindowTitle[m[K(const char *title) {}
      |      [01;35m[K^~~~~~~~~~~~~~~~~~~~~~~~~~~~[m[K
[01m[K/home/tim/Desktop/idtech3/src/sdl/sdl_wayland.c:[m[K In function ‘[01m[KGLimp_Wayland_SetWindowTitle[m[K’:
[01m[K/home/tim/Desktop/idtech3/src/sdl/sdl_wayland.c:498:47:[m[K [01;35m[Kwarning: [m[Kunused parameter ‘[01m[Ktitle[m[K’ [[01;35m[K-Wunused-parameter[m[K]
  498 | void GLimp_Wayland_SetWindowTitle([01;35m[Kconst char *title[m[K) {}
      |                                   [01;35m[K~~~~~~~~~~~~^~~~~[m[K
[01m[K/home/tim/Desktop/idtech3/src/sdl/sdl_wayland.c:[m[K At top level:
[01m[K/home/tim/Desktop/idtech3/src/sdl/sdl_wayland.c:499:6:[m[K [01;35m[Kwarning: [m[Kno previous prototype for ‘[01m[KGLimp_Wayland_PumpEvents[m[K’ [[01;35m[K-Wmissing-prototypes[m[K]
  499 | void [01;35m[KGLimp_Wayland_PumpEvents[m[K(void) {}
      |      [01;35m[K^~~~~~~~~~~~~~~~~~~~~~~~[m[K
[01m[K/home/tim/Desktop/idtech3/src/sdl/sdl_wayland.c:500:10:[m[K [01;35m[Kwarning: [m[Kno previous prototype for ‘[01m[KGLimp_Wayland_IsVariableRefreshRateSupported[m[K’ [[01;35m[K-Wmissing-prototypes[m[K]
  500 | qboolean [01;35m[KGLimp_Wayland_IsVariableRefreshRateSupported[m[K(void) { return qfalse; }
      |          [01;35m[K^~~~~~~~~~~~~~~~~~~~~~~~~~~~~~~~~~~~~~~~~~~~[m[K
[01m[K/home/tim/Desktop/idtech3/src/sdl/sdl_wayland.c:501:6:[m[K [01;35m[Kwarning: [m[Kno previous prototype for ‘[01m[KGLimp_Wayland_SetVariableRefreshRate[m[K’ [[01;35m[K-Wmissing-prototypes[m[K]
  501 | void [01;35m[KGLimp_Wayland_SetVariableRefreshRate[m[K(qboolean enabled) {}
      |      [01;35m[K^~~~~~~~~~~~~~~~~~~~~~~~~~~~~~~~~~~~[m[K
[01m[K/home/tim/Desktop/idtech3/src/sdl/sdl_wayland.c:[m[K In function ‘[01m[KGLimp_Wayland_SetVariableRefreshRate[m[K’:
[01m[K/home/tim/Desktop/idtech3/src/sdl/sdl_wayland.c:501:52:[m[K [01;35m[Kwarning: [m[Kunused parameter ‘[01m[Kenabled[m[K’ [[01;35m[K-Wunused-parameter[m[K]
  501 | void GLimp_Wayland_SetVariableRefreshRate([01;35m[Kqboolean enabled[m[K) {}
      |                                           [01;35m[K~~~~~~~~~^~~~~~~[m[K
[01m[K/home/tim/Desktop/idtech3/src/sdl/sdl_wayland.c:[m[K At top level:
[01m[K/home/tim/Desktop/idtech3/src/sdl/sdl_wayland.c:502:10:[m[K [01;35m[Kwarning: [m[Kno previous prototype for ‘[01m[KGLimp_Wayland_IsMaximized[m[K’ [[01;35m[K-Wmissing-prototypes[m[K]
  502 | qboolean [01;35m[KGLimp_Wayland_IsMaximized[m[K(void) { return qfalse; }
      |          [01;35m[K^~~~~~~~~~~~~~~~~~~~~~~~~[m[K
[01m[K/home/tim/Desktop/idtech3/src/sdl/sdl_wayland.c:503:10:[m[K [01;35m[Kwarning: [m[Kno previous prototype for ‘[01m[KGLimp_Wayland_IsFullscreen[m[K’ [[01;35m[K-Wmissing-prototypes[m[K]
  503 | qboolean [01;35m[KGLimp_Wayland_IsFullscreen[m[K(void) { return qfalse; }
      |          [01;35m[K^~~~~~~~~~~~~~~~~~~~~~~~~~[m[K
[01m[K/home/tim/Desktop/idtech3/src/sdl/sdl_wayland.c:504:10:[m[K [01;35m[Kwarning: [m[Kno previous prototype for ‘[01m[KGLimp_Wayland_IsMinimized[m[K’ [[01;35m[K-Wmissing-prototypes[m[K]
  504 | qboolean [01;35m[KGLimp_Wayland_IsMinimized[m[K(void) { return qfalse; }
      |          [01;35m[K^~~~~~~~~~~~~~~~~~~~~~~~~[m[K
[01m[K/home/tim/Desktop/idtech3/src/sdl/sdl_wayland.c:505:10:[m[K [01;35m[Kwarning: [m[Kno previous prototype for ‘[01m[KGLimp_Wayland_VRRSupported[m[K’ [[01;35m[K-Wmissing-prototypes[m[K]
  505 | qboolean [01;35m[KGLimp_Wayland_VRRSupported[m[K(void) { return qfalse; }
      |          [01;35m[K^~~~~~~~~~~~~~~~~~~~~~~~~~[m[K
[01m[K/home/tim/Desktop/idtech3/src/sdl/sdl_wayland.c:506:10:[m[K [01;35m[Kwarning: [m[Kno previous prototype for ‘[01m[KGLimp_Wayland_VRREnabled[m[K’ [[01;35m[K-Wmissing-prototypes[m[K]
  506 | qboolean [01;35m[KGLimp_Wayland_VRREnabled[m[K(void) { return qfalse; }
      |          [01;35m[K^~~~~~~~~~~~~~~~~~~~~~~~[m[K
[01m[K/home/tim/Desktop/idtech3/src/sdl/sdl_wayland.c:507:6:[m[K [01;35m[Kwarning: [m[Kno previous prototype for ‘[01m[KGLimp_Wayland_SetVRREnabled[m[K’ [[01;35m[K-Wmissing-prototypes[m[K]
  507 | void [01;35m[KGLimp_Wayland_SetVRREnabled[m[K(qboolean enabled) {}
      |      [01;35m[K^~~~~~~~~~~~~~~~~~~~~~~~~~~[m[K
[01m[K/home/tim/Desktop/idtech3/src/sdl/sdl_wayland.c:[m[K In function ‘[01m[KGLimp_Wayland_SetVRREnabled[m[K’:
[01m[K/home/tim/Desktop/idtech3/src/sdl/sdl_wayland.c:507:43:[m[K [01;35m[Kwarning: [m[Kunused parameter ‘[01m[Kenabled[m[K’ [[01;35m[K-Wunused-parameter[m[K]
  507 | void GLimp_Wayland_SetVRREnabled([01;35m[Kqboolean enabled[m[K) {}
      |                                  [01;35m[K~~~~~~~~~^~~~~~~[m[K
[  5%] Building C object CMakeFiles/q3ui.dir/src/ui/ui_main.c.o
[  5%] Building C object CMakeFiles/client.dir/src/client/cl_cgame.c.o
[  5%] Built target q3ui
[  5%] Building C object CMakeFiles/botlib.dir/src/botlib/be_aas_file.c.o
[  5%] Building C object CMakeFiles/botlib.dir/src/botlib/be_aas_main.c.o
[  5%] Building C object CMakeFiles/client.dir/src/client/cl_cin.c.o
[  7%] Building C object CMakeFiles/botlib.dir/src/botlib/be_aas_move.c.o
[  7%] Building C object CMakeFiles/common.dir/src/common/cm_load.c.o
[  7%] Building C object CMakeFiles/botlib.dir/src/botlib/be_aas_optimize.c.o
[  7%] Building C object CMakeFiles/botlib.dir/src/botlib/be_aas_reach.c.o
[  7%] Building C object CMakeFiles/common.dir/src/common/cm_patch.c.o
[ 10%] Building C object CMakeFiles/common.dir/src/common/cm_polylib.c.o
[ 12%] Building C object CMakeFiles/client.dir/src/client/cl_cin_av1.c.o
[ 12%] Building C object CMakeFiles/botlib.dir/src/botlib/be_aas_route.c.o
[ 12%] Building C object CMakeFiles/common.dir/src/common/cm_test.c.o
[ 12%] Building C object CMakeFiles/common.dir/src/common/cm_trace.c.o
[ 12%] Building C object CMakeFiles/common.dir/src/common/cmd.c.o
[ 12%] Building C object CMakeFiles/botlib.dir/src/botlib/be_aas_routealt.c.o
[ 12%] Building C object CMakeFiles/client.dir/src/client/cl_cin_codec.c.o
[ 12%] Building C object CMakeFiles/botlib.dir/src/botlib/be_aas_sample.c.o
[ 12%] Building C object CMakeFiles/client.dir/src/client/cl_cin_theora.c.o
[ 12%] Building C object CMakeFiles/common.dir/src/common/common.c.o
[ 15%] Building C object CMakeFiles/botlib.dir/src/botlib/be_ai_char.c.o
[ 17%] Building C object CMakeFiles/common.dir/src/common/crash_handler.c.o
[ 17%] Building C object CMakeFiles/botlib.dir/src/botlib/be_ai_chat.c.o
[ 17%] Building C object CMakeFiles/botlib.dir/src/botlib/be_ai_gen.c.o
[ 17%] Building C object CMakeFiles/common.dir/src/common/files_validation.c.o
[ 17%] Building C object CMakeFiles/botlib.dir/src/botlib/be_ai_goal.c.o
[ 17%] Building C object CMakeFiles/client.dir/src/client/cl_cin_vpx.c.o
[ 17%] Building C object CMakeFiles/common.dir/src/common/cvar.c.o
[ 17%] Building C object CMakeFiles/botlib.dir/src/botlib/be_ai_move.c.o
[ 17%] Building C object CMakeFiles/client.dir/src/client/cl_console.c.o
[ 20%] Building C object CMakeFiles/botlib.dir/src/botlib/be_ai_weap.c.o
[ 20%] Building C object CMakeFiles/common.dir/src/common/dvar.c.o
[ 22%] Building C object CMakeFiles/client.dir/src/client/cl_curl.c.o
[ 22%] Building C object CMakeFiles/client.dir/src/client/cl_i18n.c.o
[ 22%] Building C object CMakeFiles/botlib.dir/src/botlib/be_ai_weight.c.o
[ 22%] Building C object CMakeFiles/common.dir/src/common/q_lockfree.c.o
[ 25%] Building CXX object CMakeFiles/common.dir/src/common/ecs.cpp.o
[ 25%] Building CXX object CMakeFiles/common.dir/src/common/ecs_systems.cpp.o
[ 25%] Building C object CMakeFiles/client.dir/src/client/cl_imgui.c.o
[ 25%] Building C object CMakeFiles/botlib.dir/src/botlib/be_ea.c.o
[ 25%] Building C object CMakeFiles/botlib.dir/src/botlib/be_interface.c.o
[ 25%] Building C object CMakeFiles/botlib.dir/src/botlib/l_crc.c.o
[ 27%] Building C object CMakeFiles/botlib.dir/src/botlib/l_libvar.c.o
[ 27%] Building C object CMakeFiles/botlib.dir/src/botlib/l_log.c.o
[ 27%] Building C object CMakeFiles/botlib.dir/src/botlib/l_memory.c.o
[ 27%] Building C object CMakeFiles/client.dir/src/client/cl_imgui_debug.c.o
[ 27%] Building C object CMakeFiles/botlib.dir/src/botlib/l_precomp.c.o
[ 27%] Building C object CMakeFiles/client.dir/src/client/cl_input.c.o
[01m[K/home/tim/Desktop/idtech3/src/common/ecs_systems.cpp:[m[K In member function ‘[01m[Kvirtual btScalar {anonymous}::CollisionContactResultCallback::[01;32m[KaddSingleResult[m[K(btManifoldPoint&, const btCollisionObjectWrapper*, int, int, const btCollisionObjectWrapper*, int, int)[m[K’:
[01m[K/home/tim/Desktop/idtech3/src/common/ecs_systems.cpp:99:77:[m[K [01;35m[Kwarning: [m[Kunused parameter ‘[01m[KpartId0[m[K’ [[01;35m[K-Wunused-parameter[m[K]
   99 |                                                                         [01;35m[Kint partId0[m[K, int index0,
      |                                                                         [01;35m[K~~~~^~~~~~~[m[K
[01m[K/home/tim/Desktop/idtech3/src/common/ecs_systems.cpp:99:90:[m[K [01;35m[Kwarning: [m[Kunused parameter ‘[01m[Kindex0[m[K’ [[01;35m[K-Wunused-parameter[m[K]
   99 |                                                                         int partId0, [01;35m[Kint index0[m[K,
      |                                                                                      [01;35m[K~~~~^~~~~~[m[K
[01m[K/home/tim/Desktop/idtech3/src/common/ecs_systems.cpp:101:77:[m[K [01;35m[Kwarning: [m[Kunused parameter ‘[01m[KpartId1[m[K’ [[01;35m[K-Wunused-parameter[m[K]
  101 |                                                                         [01;35m[Kint partId1[m[K, int index1) override {
      |                                                                         [01;35m[K~~~~^~~~~~~[m[K
[01m[K/home/tim/Desktop/idtech3/src/common/ecs_systems.cpp:101:90:[m[K [01;35m[Kwarning: [m[Kunused parameter ‘[01m[Kindex1[m[K’ [[01;35m[K-Wunused-parameter[m[K]
  101 |                                                                         int partId1, [01;35m[Kint index1[m[K) override {
      |                                                                                      [01;35m[K~~~~^~~~~~[m[K
[ 27%] Building C object CMakeFiles/botlib.dir/src/botlib/l_script.c.o
[ 27%] Building C object CMakeFiles/botlib.dir/src/botlib/l_struct.c.o
[ 27%] Built target botlib
[ 27%] Building CXX object CMakeFiles/common.dir/src/common/entity_facade.cpp.o
[ 27%] Building C object CMakeFiles/client.dir/src/client/cl_jpeg.c.o
[ 30%] Building C object CMakeFiles/client.dir/src/client/cl_keys.c.o
[ 30%] Building C object CMakeFiles/common.dir/src/common/event_system.c.o
[ 30%] Building C object CMakeFiles/client.dir/src/client/cl_main.c.o
[ 30%] Building C object CMakeFiles/client.dir/src/client/cl_net_chan.c.o
[ 30%] Building C object CMakeFiles/common.dir/src/common/files.c.o
[01m[K/home/tim/Desktop/idtech3/src/common/files.c:[m[K In function ‘[01m[KFS_Startup[m[K’:
[01m[K/home/tim/Desktop/idtech3/src/common/files.c:6787:37:[m[K [01;35m[Kwarning: [m[Kunused variable ‘[01m[KmodOSPath[m[K’ [[01;35m[K-Wunused-variable[m[K]
 6787 |                         const char *[01;35m[KmodOSPath[m[K = FS_BuildOSPath( fs_basepath->string, modDiskDir, NULL );
      |                                     [01;35m[K^~~~~~~~~[m[K
[ 30%] Building C object CMakeFiles/client.dir/src/client/cl_net_enhanced.c.o
[ 30%] Building C object CMakeFiles/client.dir/src/client/cl_parse.c.o
[ 32%] Building C object CMakeFiles/client.dir/src/client/cl_scrn.c.o
[ 32%] Building C object CMakeFiles/client.dir/src/client/cl_steamdeck.c.o
[ 32%] Building C object CMakeFiles/client.dir/src/client/cl_ui.c.o
[ 32%] Building C object CMakeFiles/common.dir/src/common/q_fallback_assets.c.o
[ 35%] Building C object CMakeFiles/common.dir/src/common/files_v2.c.o
[ 35%] Building C object CMakeFiles/common.dir/src/common/files_v2_impl.c.o
[ 35%] Building C object CMakeFiles/common.dir/src/common/freetype_wrapper.c.o
[ 35%] Building C object CMakeFiles/client.dir/src/client/cl_websocket.c.o
[ 35%] Building C object CMakeFiles/common.dir/src/common/history.c.o
[ 35%] Building C object CMakeFiles/client.dir/src/client/snd_adpcm.c.o
[ 35%] Building C object CMakeFiles/common.dir/src/common/huffman.c.o
[ 37%] Building C object CMakeFiles/common.dir/src/common/huffman_static.c.o
[ 37%] Building C object CMakeFiles/common.dir/src/common/i18n.c.o
[ 37%] Building C object CMakeFiles/common.dir/src/common/job_queue.c.o
[ 37%] Building C object CMakeFiles/common.dir/src/common/job_system.c.o
[ 37%] Building C object CMakeFiles/common.dir/src/common/json_cjson.c.o
[01m[K/home/tim/Desktop/idtech3/src/client/cl_websocket.c:21:2:[m[K [01;35m[Kwarning: [m[K#warning "libwebsockets not available - WebSocket support disabled" [[01;35m[K-Wcpp[m[K]
   21 | #[01;35m[Kwarning[m[K "libwebsockets not available - WebSocket support disabled"
      |  [01;35m[K^~~~~~~[m[K
[01m[K/home/tim/Desktop/idtech3/src/client/cl_websocket.c:[m[K In function ‘[01m[KCL_WebSocket_ReceiveText[m[K’:
[01m[K/home/tim/Desktop/idtech3/src/client/cl_websocket.c:404:34:[m[K [01;35m[Kwarning: [m[Kcomparison of integer expressions of different signedness: ‘[01m[Kint[m[K’ and ‘[01m[Ksize_t[m[K’ {aka [m[K‘[01m[Klong unsigned int[m[K’} [[01;35m[K-Wsign-compare[m[K]
  404 |     if (received > 0 && received [01;35m[K<[m[K max_len) {
      |                                  [01;35m[K^[m[K
[01m[K/home/tim/Desktop/idtech3/src/client/cl_websocket.c:[m[K In function ‘[01m[KCL_HTTP_Fallback_Send[m[K’:
[01m[K/home/tim/Desktop/idtech3/src/client/cl_websocket.c:573:61:[m[K [01;35m[Kwarning: [m[Kunused parameter ‘[01m[Kdata[m[K’ [[01;35m[K-Wunused-parameter[m[K]
  573 | qboolean CL_HTTP_Fallback_Send(const char *url, [01;35m[Kconst void *data[m[K, size_t len) {
      |                                                 [01;35m[K~~~~~~~~~~~~^~~~[m[K
[01m[K/home/tim/Desktop/idtech3/src/client/cl_websocket.c:[m[K In function ‘[01m[KCL_HTTP_Fallback_Receive[m[K’:
[01m[K/home/tim/Desktop/idtech3/src/client/cl_websocket.c:587:58:[m[K [01;35m[Kwarning: [m[Kunused parameter ‘[01m[Kbuffer[m[K’ [[01;35m[K-Wunused-parameter[m[K]
  587 | qboolean CL_HTTP_Fallback_Receive(const char *url, [01;35m[Kvoid *buffer[m[K, size_t max_len, size_t *received_len) {
      |                                                    [01;35m[K~~~~~~^~~~~~[m[K
[01m[K/home/tim/Desktop/idtech3/src/client/cl_websocket.c:587:73:[m[K [01;35m[Kwarning: [m[Kunused parameter ‘[01m[Kmax_len[m[K’ [[01;35m[K-Wunused-parameter[m[K]
  587 | qboolean CL_HTTP_Fallback_Receive(const char *url, void *buffer, [01;35m[Ksize_t max_len[m[K, size_t *received_len) {
      |                                                                  [01;35m[K~~~~~~~^~~~~~~[m[K
[ 40%] Building C object CMakeFiles/common.dir/src/common/keys.c.o
[ 40%] Building C object CMakeFiles/client.dir/src/client/snd_audio_thread.c.o
[ 42%] Building C object CMakeFiles/client.dir/src/client/snd_codec.c.o
[ 42%] Building C object CMakeFiles/client.dir/src/client/snd_codec_ogg.c.o
[ 42%] Building C object CMakeFiles/client.dir/src/client/snd_codec_wav.c.o
[ 42%] Building C object CMakeFiles/common.dir/src/common/lua_coroutine.c.o
[ 42%] Building C object CMakeFiles/common.dir/src/common/lua_debug.c.o
[ 42%] Building C object CMakeFiles/common.dir/src/common/lua_encounter.c.o
[ 42%] Building CXX object CMakeFiles/common.dir/src/common/lua_entity.cpp.o
[ 42%] Building C object CMakeFiles/common.dir/src/common/lua_events.c.o
[ 42%] Building C object CMakeFiles/client.dir/src/client/snd_dma.c.o
[ 45%] Building CXX object CMakeFiles/common.dir/src/common/lua_game.cpp.o
[ 45%] Building C object CMakeFiles/client.dir/src/client/snd_main.c.o
[ 45%] Building C object CMakeFiles/common.dir/src/common/lua_renderer.c.o
[ 47%] Building C object CMakeFiles/client.dir/src/client/snd_mem.c.o
[ 47%] Building C object CMakeFiles/client.dir/src/client/snd_mix.c.o
[ 47%] Building C object CMakeFiles/common.dir/src/common/lua_sequence.c.o
[ 47%] Building C object CMakeFiles/client.dir/src/client/snd_openal.c.o
[ 47%] Building C object CMakeFiles/common.dir/src/common/lua_sound.c.o
[ 47%] Building C object CMakeFiles/client.dir/src/client/snd_wavelet.c.o
[ 47%] Building ASM object CMakeFiles/client.dir/src/asm/snd_mix_x86_64.s.o
[ 50%] Building C object CMakeFiles/client.dir/external/src/jpeg/jaricom.c.o
[ 50%] Building C object CMakeFiles/client.dir/external/src/jpeg/jcapimin.c.o
[ 50%] Building C object CMakeFiles/client.dir/external/src/jpeg/jcapistd.c.o
[ 50%] Building C object CMakeFiles/client.dir/external/src/jpeg/jcarith.c.o
[ 50%] Building C object CMakeFiles/client.dir/external/src/jpeg/jccoefct.c.o
[ 50%] Building C object CMakeFiles/common.dir/src/common/lua_wrapper.c.o
[ 50%] Building C object CMakeFiles/client.dir/external/src/jpeg/jccolor.c.o
[ 52%] Building C object CMakeFiles/common.dir/src/common/md4.c.o
[ 55%] Building C object CMakeFiles/client.dir/external/src/jpeg/jcdctmgr.c.o
[ 55%] Building C object CMakeFiles/common.dir/src/common/md5.c.o
[ 55%] Building C object CMakeFiles/client.dir/external/src/jpeg/jchuff.c.o
[ 55%] Building C object CMakeFiles/common.dir/src/common/memory_stats.c.o
[ 55%] Building C object CMakeFiles/common.dir/src/common/msg.c.o
[ 55%] Building C object CMakeFiles/client.dir/external/src/jpeg/jcinit.c.o
[ 55%] Building C object CMakeFiles/client.dir/external/src/jpeg/jcmainct.c.o
[ 55%] Building C object CMakeFiles/client.dir/external/src/jpeg/jcmarker.c.o
[ 55%] Building C object CMakeFiles/common.dir/src/common/msg_secure.c.o
[ 55%] Building C object CMakeFiles/common.dir/src/common/net_chan.c.o
[ 60%] Building C object CMakeFiles/common.dir/src/common/net_enet.c.o
[ 60%] Building C object CMakeFiles/client.dir/external/src/jpeg/jcmaster.c.o
[ 60%] Building C object CMakeFiles/client.dir/external/src/jpeg/jcomapi.c.o
[ 60%] Building C object CMakeFiles/common.dir/src/common/net_ip.c.o
[ 60%] Building C object CMakeFiles/client.dir/external/src/jpeg/jcparam.c.o
[ 60%] Building C object CMakeFiles/client.dir/external/src/jpeg/jcprepct.c.o
[ 60%] Building C object CMakeFiles/client.dir/external/src/jpeg/jcsample.c.o
[ 60%] Building C object CMakeFiles/common.dir/src/common/net_protocol_validation.c.o
[ 62%] Building C object CMakeFiles/client.dir/external/src/jpeg/jctrans.c.o
[ 62%] Building C object CMakeFiles/client.dir/external/src/jpeg/jdapimin.c.o
[ 62%] Building CXX object CMakeFiles/common.dir/src/common/oop_services.cpp.o
[ 62%] Building C object CMakeFiles/client.dir/external/src/jpeg/jdapistd.c.o
[ 62%] Building C object CMakeFiles/common.dir/src/common/openssl_wrapper.c.o
[ 62%] Building C object CMakeFiles/client.dir/external/src/jpeg/jdarith.c.o
[ 62%] Building C object CMakeFiles/client.dir/external/src/jpeg/jdatadst.c.o
[ 65%] Building C object CMakeFiles/common.dir/src/common/performance_counters.c.o
[ 65%] Building C object CMakeFiles/common.dir/src/common/puff.c.o
[ 65%] Building C object CMakeFiles/client.dir/external/src/jpeg/jdatasrc.c.o
[ 67%] Building C object CMakeFiles/client.dir/external/src/jpeg/jdcoefct.c.o
[ 67%] Building C object CMakeFiles/client.dir/external/src/jpeg/jdcolor.c.o
[ 67%] Building C object CMakeFiles/client.dir/external/src/jpeg/jddctmgr.c.o
[ 67%] Building C object CMakeFiles/common.dir/src/common/q_assert.c.o
[ 67%] Building C object CMakeFiles/common.dir/src/common/q_log.c.o
[ 67%] Building C object CMakeFiles/client.dir/external/src/jpeg/jdhuff.c.o
[ 67%] Building C object CMakeFiles/client.dir/external/src/jpeg/jdinput.c.o
[ 70%] Building C object CMakeFiles/client.dir/external/src/jpeg/jdmainct.c.o
[ 70%] Building C object CMakeFiles/client.dir/external/src/jpeg/jdmarker.c.o
[ 70%] Building C object CMakeFiles/client.dir/external/src/jpeg/jdmaster.c.o
[ 70%] Building C object CMakeFiles/common.dir/src/common/q_math.c.o
[ 70%] Building C object CMakeFiles/client.dir/external/src/jpeg/jdmerge.c.o
[ 72%] Building C object CMakeFiles/common.dir/src/common/q_memory_safety.c.o
[ 72%] Building C object CMakeFiles/common.dir/src/common/q_memtrack.c.o
[ 72%] Building C object CMakeFiles/client.dir/external/src/jpeg/jdpostct.c.o
[ 72%] Building C object CMakeFiles/common.dir/src/common/q_shared.c.o
[ 72%] Building C object CMakeFiles/client.dir/external/src/jpeg/jdsample.c.o
[ 75%] Building C object CMakeFiles/client.dir/external/src/jpeg/jdtrans.c.o
[ 75%] Building C object CMakeFiles/common.dir/src/common/q_scalability.c.o
[ 75%] Building C object CMakeFiles/common.dir/src/common/q_asset_loaders.c.o
[ 75%] Building C object CMakeFiles/client.dir/external/src/jpeg/jerror.c.o
[ 75%] Building C object CMakeFiles/client.dir/external/src/jpeg/jfdctflt.c.o
[ 75%] Building C object CMakeFiles/client.dir/external/src/jpeg/jfdctfst.c.o
[ 75%] Building C object CMakeFiles/client.dir/external/src/jpeg/jfdctint.c.o
[ 77%] Building C object CMakeFiles/client.dir/external/src/jpeg/jidctflt.c.o
[ 77%] Building C object CMakeFiles/client.dir/external/src/jpeg/jidctfst.c.o
[ 77%] Building C object CMakeFiles/common.dir/src/common/q_telemetry.c.o
[ 80%] Building C object CMakeFiles/common.dir/src/common/q_watchdog.c.o
[ 80%] Building C object CMakeFiles/client.dir/external/src/jpeg/jidctint.c.o
[ 80%] Building C object CMakeFiles/common.dir/src/common/sqlite_wrapper.c.o
[ 80%] Building C object CMakeFiles/common.dir/src/common/syscall_registry.c.o
[ 80%] Building C object CMakeFiles/common.dir/src/common/thread_platform.c.o
[ 80%] Building C object CMakeFiles/client.dir/external/src/jpeg/jmemmgr.c.o
[ 80%] Building C object CMakeFiles/common.dir/src/common/unzip.c.o
[ 82%] Building C object CMakeFiles/common.dir/src/common/vm.c.o
[ 82%] Building C object CMakeFiles/common.dir/src/common/vm_hot_reload.c.o
[ 82%] Building C object CMakeFiles/common.dir/src/common/vm_interpreted.c.o
[ 82%] Building C object CMakeFiles/common.dir/src/common/zstd_compress.c.o
[ 82%] Building C object CMakeFiles/client.dir/external/src/jpeg/jmemnobs.c.o
[ 85%] Building C object CMakeFiles/client.dir/external/src/jpeg/jquant1.c.o
[ 85%] Building C object CMakeFiles/client.dir/external/src/jpeg/jquant2.c.o
[ 85%] Building C object CMakeFiles/client.dir/external/src/jpeg/jutils.c.o
[ 85%] Building C object CMakeFiles/common.dir/src/common/q_stability.c.o
[ 87%] Building C object CMakeFiles/common.dir/src/common/q_error_recovery.c.o
[ 87%] Building C object CMakeFiles/common.dir/src/common/input_validation.c.o
[ 87%] Built target client
[ 87%] Building C object CMakeFiles/common.dir/src/common/backwards_compatibility.c.o
[ 87%] Building C object CMakeFiles/common.dir/src/common/compatibility_shims.c.o
[ 87%] Building C object CMakeFiles/common.dir/src/renderers/renderercommon/tr_font_effects.c.o
[ 87%] Building C object CMakeFiles/common.dir/src/common/profiler.c.o
[ 90%] Building CXX object CMakeFiles/common.dir/src/common/aiml/aiml_parser.cpp.o
[ 90%] Building CXX object CMakeFiles/common.dir/src/common/aiml/aiml_interpreter.cpp.o
[ 90%] Building CXX object CMakeFiles/common.dir/src/common/aiml/aiml_c_api.cpp.o
[ 90%] Building C object CMakeFiles/common.dir/src/game/g_lua.c.o
[ 90%] Building C object CMakeFiles/common.dir/src/common/luasql.c.o
[ 92%] Building C object CMakeFiles/common.dir/src/common/ls_sqlite3.c.o
[ 92%] Building C object CMakeFiles/common.dir/src/common/vm_x86.c.o
[ 92%] Built target common
[ 92%] Building C object CMakeFiles/idtech3.x86_64.dir/src/server/sv_client.c.o
[ 92%] Building C object CMakeFiles/idtech3.x86_64.dir/src/server/sv_ccmds.c.o
[ 92%] Building C object CMakeFiles/idtech3.x86_64.dir/src/server/sv_bot.c.o
[ 92%] Building CXX object CMakeFiles/idtech3.x86_64.dir/src/server/sv_ecs.cpp.o
[ 95%] Building CXX object CMakeFiles/idtech3.x86_64.dir/src/server/sv_ecs_systems.cpp.o
[ 95%] Building C object CMakeFiles/idtech3.x86_64.dir/src/server/sv_filter.c.o
[ 97%] Building C object CMakeFiles/idtech3.x86_64.dir/src/server/sv_game.c.o
[ 97%] Building C object CMakeFiles/idtech3.x86_64.dir/src/server/sv_init.c.o
[ 97%] Building C object CMakeFiles/idtech3.x86_64.dir/src/server/sv_main.c.o
[ 97%] Building C object CMakeFiles/idtech3.x86_64.dir/src/server/sv_net_chan.c.o
[ 97%] Building C object CMakeFiles/idtech3.x86_64.dir/src/server/sv_snapshot.c.o
[100%] Building C object CMakeFiles/idtech3.x86_64.dir/src/server/sv_world.c.o
[100%] Building C object CMakeFiles/idtech3.x86_64.dir/src/unix/linux_signals.c.o
[100%] Building C object CMakeFiles/idtech3.x86_64.dir/src/unix/unix_main.c.o
[100%] Building C object CMakeFiles/idtech3.x86_64.dir/src/unix/unix_shared.c.o
[100%] Linking CXX executable idtech3.x86_64
[100%] Built target idtech3.x86_64
make: Leaving directory '/home/tim/Desktop/idtech3/build-vk-Release'
