This file contains any messages produced by compilers while
running configure, to aid debugging if configure makes a mistake.

It was created by gtkglext configure 1.2.0, which was
generated by GNU Autoconf 2.59.  Invocation command line was

  $ ./configure --prefix=/home/tim/.local --sysconfdir=/home/tim/.local/etc

## --------- ##
## Platform. ##
## --------- ##

hostname = ceres
uname -m = x86_64
uname -r = 6.17.0-8-generic
uname -s = Linux
uname -v = #8-Ubuntu SMP PREEMPT_DYNAMIC Fri Nov 14 21:44:46 UTC 2025

/usr/bin/uname -p = unknown
/bin/uname -X     = unknown

/bin/arch              = x86_64
/usr/bin/arch -k       = unknown
/usr/convex/getsysinfo = unknown
hostinfo               = unknown
/bin/machine           = unknown
/usr/bin/oslevel       = unknown
/bin/universe          = unknown

PATH: /home/tim/.local/bin
PATH: /home/tim/.local/bin
PATH: /tmp/.mount_CursorKwPaoy/usr/bin/
PATH: /tmp/.mount_CursorKwPaoy/usr/sbin/
PATH: /tmp/.mount_CursorKwPaoy/usr/games/
PATH: /tmp/.mount_CursorKwPaoy/bin/
PATH: /tmp/.mount_CursorKwPaoy/sbin/
PATH: /home/tim/.local/bin
PATH: /usr/local/sbin
PATH: /usr/local/bin
PATH: /usr/sbin
PATH: /usr/bin
PATH: /sbin
PATH: /bin
PATH: /usr/games
PATH: /usr/local/games
PATH: /snap/bin
PATH: /snap/bin


## ----------- ##
## Core tests. ##
## ----------- ##

configure:1597: checking for a BSD-compatible install
configure:1652: result: /usr/bin/install -c
configure:1663: checking whether build environment is sane
configure:1706: result: yes
configure:1739: checking for gawk
configure:1768: result: no
configure:1739: checking for mawk
configure:1755: found /usr/bin/mawk
configure:1765: result: mawk
configure:1775: checking whether make sets $(MAKE)
configure:1795: result: yes
configure:1955: checking whether to enable maintainer-specific portions of Makefiles
configure:1964: result: no
configure:1986: checking build system type
configure:2004: result: x86_64-unknown-linux-gnu
configure:2012: checking host system type
configure:2026: result: x86_64-unknown-linux-gnu
configure:2118: checking for gcc
configure:2134: found /usr/bin/gcc
configure:2144: result: gcc
configure:2388: checking for C compiler version
configure:2391: gcc --version </dev/null >&5
gcc (Ubuntu 15.2.0-4ubuntu4) 15.2.0
Copyright (C) 2025 Free Software Foundation, Inc.
This is free software; see the source for copying conditions.  There is NO
warranty; not even for MERCHANTABILITY or FITNESS FOR A PARTICULAR PURPOSE.

configure:2394: $? = 0
configure:2396: gcc -v </dev/null >&5
Using built-in specs.
COLLECT_GCC=gcc
COLLECT_LTO_WRAPPER=/usr/libexec/gcc/x86_64-linux-gnu/15/lto-wrapper
OFFLOAD_TARGET_NAMES=nvptx-none:amdgcn-amdhsa
OFFLOAD_TARGET_DEFAULT=1
Target: x86_64-linux-gnu
Configured with: ../src/configure -v --with-pkgversion='Ubuntu 15.2.0-4ubuntu4' --with-bugurl=file:///usr/share/doc/gcc-15/README.Bugs --enable-languages=c,ada,c++,go,d,fortran,objc,obj-c++,m2,rust,cobol,algol68 --prefix=/usr --with-gcc-major-version-only --program-suffix=-15 --program-prefix=x86_64-linux-gnu- --enable-shared --enable-linker-build-id --libexecdir=/usr/libexec --without-included-gettext --enable-threads=posix --libdir=/usr/lib --enable-nls --enable-bootstrap --enable-clocale=gnu --enable-libstdcxx-debug --enable-libstdcxx-time=yes --with-default-libstdcxx-abi=new --enable-libstdcxx-backtrace --enable-gnu-unique-object --disable-vtable-verify --enable-plugin --enable-default-pie --with-system-zlib --enable-libphobos-checking=release --with-target-system-zlib=auto --enable-objc-gc=auto --enable-multiarch --disable-werror --enable-cet --with-arch-32=i686 --with-abi=m64 --with-multilib-list=m32,m64,mx32 --enable-multilib --with-tune=generic --enable-offload-targets=nvptx-none=/build/gcc-15-deiAlw/gcc-15-15.2.0/debian/tmp-nvptx/usr,amdgcn-amdhsa=/build/gcc-15-deiAlw/gcc-15-15.2.0/debian/tmp-gcn/usr --enable-offload-defaulted --without-cuda-driver --enable-checking=release --build=x86_64-linux-gnu --host=x86_64-linux-gnu --target=x86_64-linux-gnu --with-build-config=bootstrap-lto-lean --enable-link-serialization=2
Thread model: posix
Supported LTO compression algorithms: zlib zstd
gcc version 15.2.0 (Ubuntu 15.2.0-4ubuntu4) 
configure:2399: $? = 0
configure:2401: gcc -V </dev/null >&5
gcc: error: unrecognized command-line option '-V'
gcc: fatal error: no input files
compilation terminated.
configure:2404: $? = 1
configure:2427: checking for C compiler default output file name
configure:2430: gcc    conftest.c  >&5
configure:2433: $? = 0
configure:2479: result: a.out
configure:2484: checking whether the C compiler works
configure:2490: ./a.out
configure:2493: $? = 0
configure:2510: result: yes
configure:2517: checking whether we are cross compiling
configure:2519: result: no
configure:2522: checking for suffix of executables
configure:2524: gcc -o conftest    conftest.c  >&5
configure:2527: $? = 0
configure:2552: result: 
configure:2558: checking for suffix of object files
configure:2579: gcc -c   conftest.c >&5
configure:2582: $? = 0
configure:2604: result: o
configure:2608: checking whether we are using the GNU C compiler
configure:2632: gcc -c   conftest.c >&5
configure:2638: $? = 0
configure:2642: test -z 
			 || test ! -s conftest.err
configure:2645: $? = 0
configure:2648: test -s conftest.o
configure:2651: $? = 0
configure:2664: result: yes
configure:2670: checking whether gcc accepts -g
configure:2691: gcc -c -g  conftest.c >&5
configure:2697: $? = 0
configure:2701: test -z 
			 || test ! -s conftest.err
configure:2704: $? = 0
configure:2707: test -s conftest.o
configure:2710: $? = 0
configure:2721: result: yes
configure:2738: checking for gcc option to accept ANSI C
configure:2808: gcc  -c -g -O2  conftest.c >&5
conftest.c: In function 'e':
conftest.c:16:14: warning: old-style function definition [-Wold-style-definition]
   16 | static char *e (p, i)
      |              ^
configure:2814: $? = 0
configure:2818: test -z 
			 || test ! -s conftest.err
configure:2821: $? = 0
configure:2824: test -s conftest.o
configure:2827: $? = 0
configure:2845: result: none needed
configure:2863: gcc -c -g -O2  conftest.c >&5
conftest.c:2:3: error: unknown type name 'choke'
    2 |   choke me
      |   ^~~~~
conftest.c:2:3: error: expected '=', ',', ';', 'asm' or '__attribute__' at end of input
configure:2869: $? = 1
configure: failed program was:
| #ifndef __cplusplus
|   choke me
| #endif
configure:3013: checking for style of include used by make
configure:3041: result: GNU
configure:3069: checking dependency style of gcc
configure:3152: result: gcc3
configure:3174: checking how to run the C preprocessor
configure:3209: gcc -E  conftest.c
configure:3215: $? = 0
configure:3247: gcc -E  conftest.c
conftest.c:9:10: fatal error: ac_nonexistent.h: No such file or directory
    9 | #include <ac_nonexistent.h>
      |          ^~~~~~~~~~~~~~~~~~
compilation terminated.
configure:3253: $? = 1
configure: failed program was:
| /* confdefs.h.  */
| 
| #define PACKAGE_NAME "gtkglext"
| #define PACKAGE_TARNAME "gtkglext"
| #define PACKAGE_VERSION "1.2.0"
| #define PACKAGE_STRING "gtkglext 1.2.0"
| #define PACKAGE_BUGREPORT "gtkglext-list@gnome.org"
| /* end confdefs.h.  */
| #include <ac_nonexistent.h>
configure:3292: result: gcc -E
configure:3316: gcc -E  conftest.c
configure:3322: $? = 0
configure:3354: gcc -E  conftest.c
conftest.c:9:10: fatal error: ac_nonexistent.h: No such file or directory
    9 | #include <ac_nonexistent.h>
      |          ^~~~~~~~~~~~~~~~~~
compilation terminated.
configure:3360: $? = 1
configure: failed program was:
| /* confdefs.h.  */
| 
| #define PACKAGE_NAME "gtkglext"
| #define PACKAGE_TARNAME "gtkglext"
| #define PACKAGE_VERSION "1.2.0"
| #define PACKAGE_STRING "gtkglext 1.2.0"
| #define PACKAGE_BUGREPORT "gtkglext-list@gnome.org"
| /* end confdefs.h.  */
| #include <ac_nonexistent.h>
configure:3405: checking for strerror in -lcposix
configure:3435: gcc -o conftest -g -O2   conftest.c -lcposix   >&5
/usr/bin/ld: cannot find -lcposix: No such file or directory
collect2: error: ld returned 1 exit status
configure:3441: $? = 1
configure: failed program was:
| /* confdefs.h.  */
| 
| #define PACKAGE_NAME "gtkglext"
| #define PACKAGE_TARNAME "gtkglext"
| #define PACKAGE_VERSION "1.2.0"
| #define PACKAGE_STRING "gtkglext 1.2.0"
| #define PACKAGE_BUGREPORT "gtkglext-list@gnome.org"
| /* end confdefs.h.  */
| 
| /* Override any gcc2 internal prototype to avoid an error.  */
| #ifdef __cplusplus
| extern "C"
| #endif
| /* We use char because int might match the return type of a gcc2
|    builtin and then its argument prototype would still apply.  */
| char strerror ();
| int
| main ()
| {
| strerror ();
|   ;
|   return 0;
| }
configure:3467: result: no
configure:3550: checking for a sed that does not truncate output
configure:3604: result: /usr/bin/sed
configure:3607: checking for egrep
configure:3617: result: grep -E
configure:3633: checking for ld used by gcc
configure:3700: result: /usr/bin/x86_64-linux-gnu-ld
configure:3709: checking if the linker (/usr/bin/x86_64-linux-gnu-ld) is GNU ld
configure:3724: result: yes
configure:3729: checking for /usr/bin/x86_64-linux-gnu-ld option to reload object files
configure:3736: result: -r
configure:3754: checking for BSD-compatible nm
configure:3803: result: /usr/bin/nm -B
configure:3807: checking whether ln -s works
configure:3811: result: yes
configure:3818: checking how to recognise dependent libraries
configure:3994: result: pass_all
configure:4081: gcc -c -g -O2  conftest.c >&5
configure:4084: $? = 0
configure:4468: checking for ANSI C header files
configure:4493: gcc -c -g -O2  conftest.c >&5
configure:4499: $? = 0
configure:4503: test -z 
			 || test ! -s conftest.err
configure:4506: $? = 0
configure:4509: test -s conftest.o
configure:4512: $? = 0
configure:4601: gcc -o conftest -g -O2   conftest.c  >&5
conftest.c: In function 'main':
conftest.c:26:7: error: implicit declaration of function 'exit' [-Wimplicit-function-declaration]
   26 |       exit(2);
      |       ^~~~
conftest.c:10:1: note: include '<stdlib.h>' or provide a declaration of 'exit'
    9 | #include <ctype.h>
  +++ |+#include <stdlib.h>
   10 | #if ((' ' & 0x0FF) == 0x020)
conftest.c:26:7: warning: incompatible implicit declaration of built-in function 'exit' [-Wbuiltin-declaration-mismatch]
   26 |       exit(2);
      |       ^~~~
conftest.c:26:7: note: include '<stdlib.h>' or provide a declaration of 'exit'
conftest.c:27:3: warning: incompatible implicit declaration of built-in function 'exit' [-Wbuiltin-declaration-mismatch]
   27 |   exit (0);
      |   ^~~~
conftest.c:27:3: note: include '<stdlib.h>' or provide a declaration of 'exit'
configure:4604: $? = 1
configure: program exited with status 1
configure: failed program was:
| /* confdefs.h.  */
| 
| #define PACKAGE_NAME "gtkglext"
| #define PACKAGE_TARNAME "gtkglext"
| #define PACKAGE_VERSION "1.2.0"
| #define PACKAGE_STRING "gtkglext 1.2.0"
| #define PACKAGE_BUGREPORT "gtkglext-list@gnome.org"
| /* end confdefs.h.  */
| #include <ctype.h>
| #if ((' ' & 0x0FF) == 0x020)
| # define ISLOWER(c) ('a' <= (c) && (c) <= 'z')
| # define TOUPPER(c) (ISLOWER(c) ? 'A' + ((c) - 'a') : (c))
| #else
| # define ISLOWER(c) 		   (('a' <= (c) && (c) <= 'i') 		     || ('j' <= (c) && (c) <= 'r') 		     || ('s' <= (c) && (c) <= 'z'))
| # define TOUPPER(c) (ISLOWER(c) ? ((c) | 0x40) : (c))
| #endif
| 
| #define XOR(e, f) (((e) && !(f)) || (!(e) && (f)))
| int
| main ()
| {
|   int i;
|   for (i = 0; i < 256; i++)
|     if (XOR (islower (i), ISLOWER (i))
| 	|| toupper (i) != TOUPPER (i))
|       exit(2);
|   exit (0);
| }
configure:4624: result: no
configure:4648: checking for sys/types.h
configure:4664: gcc -c -g -O2  conftest.c >&5
configure:4670: $? = 0
configure:4674: test -z 
			 || test ! -s conftest.err
configure:4677: $? = 0
configure:4680: test -s conftest.o
configure:4683: $? = 0
configure:4694: result: yes
configure:4648: checking for sys/stat.h
configure:4664: gcc -c -g -O2  conftest.c >&5
configure:4670: $? = 0
configure:4674: test -z 
			 || test ! -s conftest.err
configure:4677: $? = 0
configure:4680: test -s conftest.o
configure:4683: $? = 0
configure:4694: result: yes
configure:4648: checking for stdlib.h
configure:4664: gcc -c -g -O2  conftest.c >&5
configure:4670: $? = 0
configure:4674: test -z 
			 || test ! -s conftest.err
configure:4677: $? = 0
configure:4680: test -s conftest.o
configure:4683: $? = 0
configure:4694: result: yes
configure:4648: checking for string.h
configure:4664: gcc -c -g -O2  conftest.c >&5
configure:4670: $? = 0
configure:4674: test -z 
			 || test ! -s conftest.err
configure:4677: $? = 0
configure:4680: test -s conftest.o
configure:4683: $? = 0
configure:4694: result: yes
configure:4648: checking for memory.h
configure:4664: gcc -c -g -O2  conftest.c >&5
configure:4670: $? = 0
configure:4674: test -z 
			 || test ! -s conftest.err
configure:4677: $? = 0
configure:4680: test -s conftest.o
configure:4683: $? = 0
configure:4694: result: yes
configure:4648: checking for strings.h
configure:4664: gcc -c -g -O2  conftest.c >&5
configure:4670: $? = 0
configure:4674: test -z 
			 || test ! -s conftest.err
configure:4677: $? = 0
configure:4680: test -s conftest.o
configure:4683: $? = 0
configure:4694: result: yes
configure:4648: checking for inttypes.h
configure:4664: gcc -c -g -O2  conftest.c >&5
configure:4670: $? = 0
configure:4674: test -z 
			 || test ! -s conftest.err
configure:4677: $? = 0
configure:4680: test -s conftest.o
configure:4683: $? = 0
configure:4694: result: yes
configure:4648: checking for stdint.h
configure:4664: gcc -c -g -O2  conftest.c >&5
configure:4670: $? = 0
configure:4674: test -z 
			 || test ! -s conftest.err
configure:4677: $? = 0
configure:4680: test -s conftest.o
configure:4683: $? = 0
configure:4694: result: yes
configure:4648: checking for unistd.h
configure:4664: gcc -c -g -O2  conftest.c >&5
configure:4670: $? = 0
configure:4674: test -z 
			 || test ! -s conftest.err
configure:4677: $? = 0
configure:4680: test -s conftest.o
configure:4683: $? = 0
configure:4694: result: yes
configure:4720: checking dlfcn.h usability
configure:4732: gcc -c -g -O2  conftest.c >&5
configure:4738: $? = 0
configure:4742: test -z 
			 || test ! -s conftest.err
configure:4745: $? = 0
configure:4748: test -s conftest.o
configure:4751: $? = 0
configure:4761: result: yes
configure:4765: checking dlfcn.h presence
configure:4775: gcc -E  conftest.c
configure:4781: $? = 0
configure:4801: result: yes
configure:4836: checking for dlfcn.h
configure:4843: result: yes
configure:4908: checking for g++
configure:4924: found /usr/bin/g++
configure:4934: result: g++
configure:4950: checking for C++ compiler version
configure:4953: g++ --version </dev/null >&5
g++ (Ubuntu 15.2.0-4ubuntu4) 15.2.0
Copyright (C) 2025 Free Software Foundation, Inc.
This is free software; see the source for copying conditions.  There is NO
warranty; not even for MERCHANTABILITY or FITNESS FOR A PARTICULAR PURPOSE.

configure:4956: $? = 0
configure:4958: g++ -v </dev/null >&5
Using built-in specs.
COLLECT_GCC=g++
COLLECT_LTO_WRAPPER=/usr/libexec/gcc/x86_64-linux-gnu/15/lto-wrapper
OFFLOAD_TARGET_NAMES=nvptx-none:amdgcn-amdhsa
OFFLOAD_TARGET_DEFAULT=1
Target: x86_64-linux-gnu
Configured with: ../src/configure -v --with-pkgversion='Ubuntu 15.2.0-4ubuntu4' --with-bugurl=file:///usr/share/doc/gcc-15/README.Bugs --enable-languages=c,ada,c++,go,d,fortran,objc,obj-c++,m2,rust,cobol,algol68 --prefix=/usr --with-gcc-major-version-only --program-suffix=-15 --program-prefix=x86_64-linux-gnu- --enable-shared --enable-linker-build-id --libexecdir=/usr/libexec --without-included-gettext --enable-threads=posix --libdir=/usr/lib --enable-nls --enable-bootstrap --enable-clocale=gnu --enable-libstdcxx-debug --enable-libstdcxx-time=yes --with-default-libstdcxx-abi=new --enable-libstdcxx-backtrace --enable-gnu-unique-object --disable-vtable-verify --enable-plugin --enable-default-pie --with-system-zlib --enable-libphobos-checking=release --with-target-system-zlib=auto --enable-objc-gc=auto --enable-multiarch --disable-werror --enable-cet --with-arch-32=i686 --with-abi=m64 --with-multilib-list=m32,m64,mx32 --enable-multilib --with-tune=generic --enable-offload-targets=nvptx-none=/build/gcc-15-deiAlw/gcc-15-15.2.0/debian/tmp-nvptx/usr,amdgcn-amdhsa=/build/gcc-15-deiAlw/gcc-15-15.2.0/debian/tmp-gcn/usr --enable-offload-defaulted --without-cuda-driver --enable-checking=release --build=x86_64-linux-gnu --host=x86_64-linux-gnu --target=x86_64-linux-gnu --with-build-config=bootstrap-lto-lean --enable-link-serialization=2
Thread model: posix
Supported LTO compression algorithms: zlib zstd
gcc version 15.2.0 (Ubuntu 15.2.0-4ubuntu4) 
configure:4961: $? = 0
configure:4963: g++ -V </dev/null >&5
g++: error: unrecognized command-line option '-V'
g++: fatal error: no input files
compilation terminated.
configure:4966: $? = 1
configure:4969: checking whether we are using the GNU C++ compiler
configure:4993: g++ -c   conftest.cc >&5
configure:4999: $? = 0
configure:5003: test -z 
			 || test ! -s conftest.err
configure:5006: $? = 0
configure:5009: test -s conftest.o
configure:5012: $? = 0
configure:5025: result: yes
configure:5031: checking whether g++ accepts -g
configure:5052: g++ -c -g  conftest.cc >&5
configure:5058: $? = 0
configure:5062: test -z 
			 || test ! -s conftest.err
configure:5065: $? = 0
configure:5068: test -s conftest.o
configure:5071: $? = 0
configure:5082: result: yes
configure:5124: g++ -c -g -O2  conftest.cc >&5
configure:5130: $? = 0
configure:5134: test -z 
			 || test ! -s conftest.err
configure:5137: $? = 0
configure:5140: test -s conftest.o
configure:5143: $? = 0
configure:5169: g++ -c -g -O2  conftest.cc >&5
conftest.cc: In function 'int main()':
conftest.cc:23:1: error: 'exit' was not declared in this scope
   23 | exit (42);
      | ^~~~
conftest.cc:1:1: note: 'exit' is defined in header '<cstdlib>'; this is probably fixable by adding '#include <cstdlib>'
    1 | /* confdefs.h.  */
configure:5175: $? = 1
configure: failed program was:
| /* confdefs.h.  */
| 
| #define PACKAGE_NAME "gtkglext"
| #define PACKAGE_TARNAME "gtkglext"
| #define PACKAGE_VERSION "1.2.0"
| #define PACKAGE_STRING "gtkglext 1.2.0"
| #define PACKAGE_BUGREPORT "gtkglext-list@gnome.org"
| #define HAVE_SYS_TYPES_H 1
| #define HAVE_SYS_STAT_H 1
| #define HAVE_STDLIB_H 1
| #define HAVE_STRING_H 1
| #define HAVE_MEMORY_H 1
| #define HAVE_STRINGS_H 1
| #define HAVE_INTTYPES_H 1
| #define HAVE_STDINT_H 1
| #define HAVE_UNISTD_H 1
| #define HAVE_DLFCN_H 1
| /* end confdefs.h.  */
| 
| int
| main ()
| {
| exit (42);
|   ;
|   return 0;
| }
configure:5124: g++ -c -g -O2  conftest.cc >&5
conftest.cc:19:17: warning: 'void std::exit(int)' has not been declared within 'std'
   19 | extern "C" void std::exit (int) throw (); using std::exit;
      |                 ^~~
<built-in>: note: only here as a 'friend'
configure:5130: $? = 0
configure:5134: test -z 
			 || test ! -s conftest.err
configure:5137: $? = 0
configure:5140: test -s conftest.o
configure:5143: $? = 0
configure:5169: g++ -c -g -O2  conftest.cc >&5
conftest.cc:19:17: warning: 'void std::exit(int)' has not been declared within 'std'
   19 | extern "C" void std::exit (int) throw (); using std::exit;
      |                 ^~~
<built-in>: note: only here as a 'friend'
configure:5175: $? = 0
configure:5179: test -z 
			 || test ! -s conftest.err
configure:5182: $? = 0
configure:5185: test -s conftest.o
configure:5188: $? = 0
configure:5213: checking dependency style of g++
configure:5296: result: gcc3
configure:5323: checking how to run the C++ preprocessor
configure:5354: g++ -E  conftest.cc
configure:5360: $? = 0
configure:5392: g++ -E  conftest.cc
conftest.cc:22:10: fatal error: ac_nonexistent.h: No such file or directory
   22 | #include <ac_nonexistent.h>
      |          ^~~~~~~~~~~~~~~~~~
compilation terminated.
configure:5398: $? = 1
configure: failed program was:
| /* confdefs.h.  */
| 
| #define PACKAGE_NAME "gtkglext"
| #define PACKAGE_TARNAME "gtkglext"
| #define PACKAGE_VERSION "1.2.0"
| #define PACKAGE_STRING "gtkglext 1.2.0"
| #define PACKAGE_BUGREPORT "gtkglext-list@gnome.org"
| #define HAVE_SYS_TYPES_H 1
| #define HAVE_SYS_STAT_H 1
| #define HAVE_STDLIB_H 1
| #define HAVE_STRING_H 1
| #define HAVE_MEMORY_H 1
| #define HAVE_STRINGS_H 1
| #define HAVE_INTTYPES_H 1
| #define HAVE_STDINT_H 1
| #define HAVE_UNISTD_H 1
| #define HAVE_DLFCN_H 1
| #ifdef __cplusplus
| extern "C" void std::exit (int) throw (); using std::exit;
| #endif
| /* end confdefs.h.  */
| #include <ac_nonexistent.h>
configure:5437: result: g++ -E
configure:5461: g++ -E  conftest.cc
configure:5467: $? = 0
configure:5499: g++ -E  conftest.cc
conftest.cc:22:10: fatal error: ac_nonexistent.h: No such file or directory
   22 | #include <ac_nonexistent.h>
      |          ^~~~~~~~~~~~~~~~~~
compilation terminated.
configure:5505: $? = 1
configure: failed program was:
| /* confdefs.h.  */
| 
| #define PACKAGE_NAME "gtkglext"
| #define PACKAGE_TARNAME "gtkglext"
| #define PACKAGE_VERSION "1.2.0"
| #define PACKAGE_STRING "gtkglext 1.2.0"
| #define PACKAGE_BUGREPORT "gtkglext-list@gnome.org"
| #define HAVE_SYS_TYPES_H 1
| #define HAVE_SYS_STAT_H 1
| #define HAVE_STDLIB_H 1
| #define HAVE_STRING_H 1
| #define HAVE_MEMORY_H 1
| #define HAVE_STRINGS_H 1
| #define HAVE_INTTYPES_H 1
| #define HAVE_STDINT_H 1
| #define HAVE_UNISTD_H 1
| #define HAVE_DLFCN_H 1
| #ifdef __cplusplus
| extern "C" void std::exit (int) throw (); using std::exit;
| #endif
| /* end confdefs.h.  */
| #include <ac_nonexistent.h>
configure:5602: checking for g77
configure:5631: result: no
configure:5602: checking for f77
configure:5631: result: no
configure:5602: checking for xlf
configure:5631: result: no
configure:5602: checking for frt
configure:5631: result: no
configure:5602: checking for pgf77
configure:5631: result: no
configure:5602: checking for fort77
configure:5631: result: no
configure:5602: checking for fl32
configure:5631: result: no
configure:5602: checking for af77
configure:5631: result: no
configure:5602: checking for f90
configure:5631: result: no
configure:5602: checking for xlf90
configure:5631: result: no
configure:5602: checking for pgf90
configure:5631: result: no
configure:5602: checking for epcf90
configure:5631: result: no
configure:5602: checking for f95
configure:5631: result: no
configure:5602: checking for fort
configure:5631: result: no
configure:5602: checking for xlf95
configure:5631: result: no
configure:5602: checking for ifc
configure:5631: result: no
configure:5602: checking for efc
configure:5631: result: no
configure:5602: checking for pgf95
configure:5631: result: no
configure:5602: checking for lf95
configure:5631: result: no
configure:5602: checking for gfortran
configure:5631: result: no
configure:5643: checking for Fortran 77 compiler version
configure:5646:  --version </dev/null >&5
./configure: line 5647: --version: command not found
configure:5649: $? = 127
configure:5651:  -v </dev/null >&5
./configure: line 5652: -v: command not found
configure:5654: $? = 127
configure:5656:  -V </dev/null >&5
./configure: line 5657: -V: command not found
configure:5659: $? = 127
configure:5667: checking whether we are using the GNU Fortran 77 compiler
configure:5681:  -c  conftest.F >&5
./configure: line 5682: -c: command not found
configure:5687: $? = 127
configure: failed program was:
|       program main
| #ifndef __GNUC__
|        choke me
| #endif
| 
|       end
configure:5713: result: no
configure:5719: checking whether  accepts -g
configure:5731:  -c -g conftest.f >&5
./configure: line 5732: -c: command not found
configure:5737: $? = 127
configure: failed program was:
|       program main
| 
|       end
configure:5762: result: no
configure:5792: checking the maximum length of command line arguments
configure:5901: result: 32768
configure:5912: checking command to parse /usr/bin/nm -B output from gcc object
configure:6017: gcc -c -g -O2  conftest.c >&5
configure:6020: $? = 0
configure:6024: /usr/bin/nm -B conftest.o \| sed -n -e 's/^.*[ 	]\([ABCDGIRSTW][ABCDGIRSTW]*\)[ 	][ 	]*\([_A-Za-z][_A-Za-z0-9]*\)$/\1 \2 \2/p' \> conftest.nm
configure:6027: $? = 0
configure:6079: gcc -o conftest -g -O2   conftest.c conftstm.o >&5
configure:6082: $? = 0
configure:6120: result: ok
configure:6124: checking for objdir
configure:6139: result: .libs
configure:6229: checking for ar
configure:6245: found /usr/bin/ar
configure:6256: result: ar
configure:6309: checking for ranlib
configure:6325: found /usr/bin/ranlib
configure:6336: result: ranlib
configure:6389: checking for strip
configure:6405: found /usr/bin/strip
configure:6416: result: strip
configure:6639: checking for correct ltmain.sh version
configure:6689: result: yes
configure:6749: checking if gcc supports -fno-rtti -fno-exceptions
configure:6767: gcc -c -g -O2  -fno-rtti -fno-exceptions conftest.c >&5
cc1: warning: command-line option '-fno-rtti' is valid for C++/D/ObjC++ but not for C
configure:6771: $? = 0
configure:6784: result: no
configure:6799: checking for gcc option to produce PIC
configure:7009: result: -fPIC
configure:7017: checking if gcc PIC flag -fPIC works
configure:7035: gcc -c -g -O2  -fPIC -DPIC conftest.c >&5
configure:7039: $? = 0
configure:7052: result: yes
configure:7080: checking if gcc static flag -static works
configure:7108: result: yes
configure:7118: checking if gcc supports -c -o file.o
configure:7139: gcc -c -g -O2  -o out/conftest2.o conftest.c >&5
configure:7143: $? = 0
configure:7165: result: yes
configure:7191: checking whether the gcc linker (/usr/bin/x86_64-linux-gnu-ld -m elf_x86_64) supports shared libraries
configure:8149: result: yes
configure:8170: checking whether -lc should be explicitly linked in
configure:8175: gcc -c -g -O2  conftest.c >&5
configure:8178: $? = 0
configure:8193: gcc -shared conftest.o  -v -Wl,-soname -Wl,conftest -o conftest 2\>\&1 \| grep  -lc  \>/dev/null 2\>\&1
configure:8196: $? = 0
configure:8208: result: no
configure:8216: checking dynamic linker characteristics
configure:8841: result: GNU/Linux ld.so
configure:8850: checking how to hardcode library paths into programs
configure:8875: result: immediate
configure:8889: checking whether stripping libraries is possible
configure:8894: result: yes
configure:9728: checking if libtool supports shared libraries
configure:9730: result: yes
configure:9733: checking whether to build shared libraries
configure:9754: result: yes
configure:9757: checking whether to build static libraries
configure:9761: result: yes
configure:9853: creating libtool
configure:10441: checking for ld used by g++
configure:10508: result: /usr/bin/x86_64-linux-gnu-ld -m elf_x86_64
configure:10517: checking if the linker (/usr/bin/x86_64-linux-gnu-ld -m elf_x86_64) is GNU ld
configure:10532: result: yes
configure:10583: checking whether the g++ linker (/usr/bin/x86_64-linux-gnu-ld -m elf_x86_64) supports shared libraries
configure:11521: result: yes
configure:11539: g++ -c -g -O2  conftest.cpp >&5
configure:11542: $? = 0
configure:11661: checking for g++ option to produce PIC
configure:11935: result: -fPIC
configure:11943: checking if g++ PIC flag -fPIC works
configure:11961: g++ -c -g -O2  -fPIC -DPIC conftest.cpp >&5
configure:11965: $? = 0
configure:11978: result: yes
configure:12006: checking if g++ static flag -static works
configure:12034: result: yes
configure:12044: checking if g++ supports -c -o file.o
configure:12065: g++ -c -g -O2  -o out/conftest2.o conftest.cpp >&5
configure:12069: $? = 0
configure:12091: result: yes
configure:12117: checking whether the g++ linker (/usr/bin/x86_64-linux-gnu-ld -m elf_x86_64) supports shared libraries
configure:12142: result: yes
configure:12209: checking dynamic linker characteristics
configure:12834: result: GNU/Linux ld.so
configure:12843: checking how to hardcode library paths into programs
configure:12868: result: immediate
configure:19094: checking for some Win32 platform
configure:19103: result: no
configure:19118: checking for native Win32
configure:19128: result: no
configure:19220: checking whether build environment is sane
configure:19263: result: yes
configure:19270: checking for gcc option to accept ANSI C
configure:19333: gcc  -c -g -O2  conftest.c >&5
conftest.c: In function 'e':
conftest.c:29:14: warning: old-style function definition [-Wold-style-definition]
   29 | static char *e (p, i)
      |              ^
configure:19339: $? = 0
configure:19343: test -z 
			 || test ! -s conftest.err
configure:19346: $? = 0
configure:19349: test -s conftest.o
configure:19352: $? = 0
configure:19367: result: none needed
configure:19391: checking for a BSD-compatible install
configure:19446: result: /usr/bin/install -c
configure:19457: checking whether make sets $(MAKE)
configure:19477: result: yes
configure:19486: checking whether ln -s works
configure:19490: result: yes
configure:19501: checking for gawk
configure:19527: result: mawk
configure:19669: checking for perl5
configure:19702: result: no
configure:19669: checking for perl
configure:19687: found /usr/bin/perl
configure:19699: result: /usr/bin/perl
configure:19713: checking for indent
configure:19742: result: no
configure:19812: checking for pkg-config
configure:19830: found /usr/bin/pkg-config
configure:19842: result: /usr/bin/pkg-config
configure:19857: checking pkg-config is at least version 0.9.0
configure:19860: result: yes
configure:19871: checking for BASE_DEPENDENCIES
configure:19885: $PKG_CONFIG --exists --print-errors "\
gtk+-2.0 >= 2.0.0 \
gdk-2.0 >= 2.0.0 \
pango >= 1.0.0 \
pangox >= 1.0.0 \
gmodule-2.0 >= 2.0.0 \
"
Package pangox was not found in the pkg-config search path.
Perhaps you should add the directory containing `pangox.pc'
to the PKG_CONFIG_PATH environment variable
Package 'pangox', required by 'virtual:world', not found
configure:19894: $? = 1
configure:19921: $PKG_CONFIG --exists --print-errors "\
gtk+-2.0 >= 2.0.0 \
gdk-2.0 >= 2.0.0 \
pango >= 1.0.0 \
pangox >= 1.0.0 \
gmodule-2.0 >= 2.0.0 \
"
Package pangox was not found in the pkg-config search path.
Perhaps you should add the directory containing `pangox.pc'
to the PKG_CONFIG_PATH environment variable
Package 'pangox', required by 'virtual:world', not found
configure:19930: $? = 1
Package 'pangox', required by 'virtual:world', not found
configure:19992: error: Package requirements (gtk+-2.0 >= 2.0.0 gdk-2.0 >= 2.0.0 pango >= 1.0.0 pangox >= 1.0.0 gmodule-2.0 >= 2.0.0 ) were not met:

Package 'pangox', required by 'virtual:world', not found

Consider adjusting the PKG_CONFIG_PATH environment variable if you
installed software in a non-standard prefix.

Alternatively, you may set the environment variables BASE_DEPENDENCIES_CFLAGS
and BASE_DEPENDENCIES_LIBS to avoid the need to call pkg-config.
See the pkg-config man page for more details.


## ---------------- ##
## Cache variables. ##
## ---------------- ##

ac_cv_build=x86_64-unknown-linux-gnu
ac_cv_build_alias=x86_64-unknown-linux-gnu
ac_cv_c_compiler_gnu=yes
ac_cv_cxx_compiler_gnu=yes
ac_cv_env_BASE_DEPENDENCIES_CFLAGS_set=
ac_cv_env_BASE_DEPENDENCIES_CFLAGS_value=
ac_cv_env_BASE_DEPENDENCIES_LIBS_set=
ac_cv_env_BASE_DEPENDENCIES_LIBS_value=
ac_cv_env_CC_set=
ac_cv_env_CC_value=
ac_cv_env_CFLAGS_set=
ac_cv_env_CFLAGS_value=
ac_cv_env_CPPFLAGS_set=
ac_cv_env_CPPFLAGS_value=
ac_cv_env_CPP_set=
ac_cv_env_CPP_value=
ac_cv_env_CXXCPP_set=
ac_cv_env_CXXCPP_value=
ac_cv_env_CXXFLAGS_set=
ac_cv_env_CXXFLAGS_value=
ac_cv_env_CXX_set=
ac_cv_env_CXX_value=
ac_cv_env_F77_set=
ac_cv_env_F77_value=
ac_cv_env_FFLAGS_set=
ac_cv_env_FFLAGS_value=
ac_cv_env_LDFLAGS_set=
ac_cv_env_LDFLAGS_value=
ac_cv_env_PKG_CONFIG_set=
ac_cv_env_PKG_CONFIG_value=
ac_cv_env_build_alias_set=
ac_cv_env_build_alias_value=
ac_cv_env_host_alias_set=
ac_cv_env_host_alias_value=
ac_cv_env_target_alias_set=
ac_cv_env_target_alias_value=
ac_cv_exeext=
ac_cv_f77_compiler_gnu=no
ac_cv_header_dlfcn_h=yes
ac_cv_header_inttypes_h=yes
ac_cv_header_memory_h=yes
ac_cv_header_stdc=no
ac_cv_header_stdint_h=yes
ac_cv_header_stdlib_h=yes
ac_cv_header_string_h=yes
ac_cv_header_strings_h=yes
ac_cv_header_sys_stat_h=yes
ac_cv_header_sys_types_h=yes
ac_cv_header_unistd_h=yes
ac_cv_host=x86_64-unknown-linux-gnu
ac_cv_host_alias=x86_64-unknown-linux-gnu
ac_cv_lib_cposix_strerror=no
ac_cv_objext=o
ac_cv_path_PERL=/usr/bin/perl
ac_cv_path_ac_pt_PKG_CONFIG=/usr/bin/pkg-config
ac_cv_path_install='/usr/bin/install -c'
ac_cv_prog_AWK=mawk
ac_cv_prog_CPP='gcc -E'
ac_cv_prog_CXXCPP='g++ -E'
ac_cv_prog_ac_ct_AR=ar
ac_cv_prog_ac_ct_CC=gcc
ac_cv_prog_ac_ct_CXX=g++
ac_cv_prog_ac_ct_RANLIB=ranlib
ac_cv_prog_ac_ct_STRIP=strip
ac_cv_prog_cc_g=yes
ac_cv_prog_cc_stdc=
ac_cv_prog_cxx_g=yes
ac_cv_prog_egrep='grep -E'
ac_cv_prog_f77_g=no
ac_cv_prog_make_make_set=yes
am_cv_CC_dependencies_compiler_type=gcc3
am_cv_CXX_dependencies_compiler_type=gcc3
am_cv_prog_cc_stdc=
lt_cv_deplibs_check_method=pass_all
lt_cv_file_magic_cmd='$MAGIC_CMD'
lt_cv_file_magic_test_file=
lt_cv_ld_reload_flag=-r
lt_cv_objdir=.libs
lt_cv_path_LD=/usr/bin/x86_64-linux-gnu-ld
lt_cv_path_LDCXX='/usr/bin/x86_64-linux-gnu-ld -m elf_x86_64'
lt_cv_path_NM='/usr/bin/nm -B'
lt_cv_path_SED=/usr/bin/sed
lt_cv_prog_compiler_c_o=yes
lt_cv_prog_compiler_c_o_CXX=yes
lt_cv_prog_compiler_rtti_exceptions=no
lt_cv_prog_gnu_ld=yes
lt_cv_prog_gnu_ldcxx=yes
lt_cv_sys_global_symbol_pipe='sed -n -e '\''s/^.*[ 	]\([ABCDGIRSTW][ABCDGIRSTW]*\)[ 	][ 	]*\([_A-Za-z][_A-Za-z0-9]*\)$/\1 \2 \2/p'\'''
lt_cv_sys_global_symbol_to_c_name_address='sed -n -e '\''s/^: \([^ ]*\) $/  {\"\1\", (lt_ptr) 0},/p'\'' -e '\''s/^[BCDEGRST] \([^ ]*\) \([^ ]*\)$/  {"\2", (lt_ptr) \&\2},/p'\'''
lt_cv_sys_global_symbol_to_cdecl='sed -n -e '\''s/^. .* \(.*\)$/extern int \1;/p'\'''
lt_cv_sys_max_cmd_len=32768
lt_lt_cv_prog_compiler_c_o='"yes"'
lt_lt_cv_prog_compiler_c_o_CXX='"yes"'
lt_lt_cv_sys_global_symbol_pipe='"sed -n -e '\''s/^.*[ 	]\\([ABCDGIRSTW][ABCDGIRSTW]*\\)[ 	][ 	]*\\([_A-Za-z][_A-Za-z0-9]*\\)\$/\\1 \\2 \\2/p'\''"'
lt_lt_cv_sys_global_symbol_to_c_name_address='"sed -n -e '\''s/^: \\([^ ]*\\) \$/  {\\\"\\1\\\", (lt_ptr) 0},/p'\'' -e '\''s/^[BCDEGRST] \\([^ ]*\\) \\([^ ]*\\)\$/  {\"\\2\", (lt_ptr) \\&\\2},/p'\''"'
lt_lt_cv_sys_global_symbol_to_cdecl='"sed -n -e '\''s/^. .* \\(.*\\)\$/extern int \\1;/p'\''"'

## ----------------- ##
## Output variables. ##
## ----------------- ##

ACLOCAL='${SHELL} /home/tim/Desktop/idtech3/build-deps/gtkglext-1.2.0/missing --run aclocal-1.7  -I ./m4macros'
AMDEPBACKSLASH='\'
AMDEP_FALSE='#'
AMDEP_TRUE=''
AMTAR='${SHELL} /home/tim/Desktop/idtech3/build-deps/gtkglext-1.2.0/missing --run tar'
API_MI='0'
API_MJ='1'
AR='ar'
AS='as'
AUTOCONF='${SHELL} /home/tim/Desktop/idtech3/build-deps/gtkglext-1.2.0/missing --run autoconf'
AUTOHEADER='${SHELL} /home/tim/Desktop/idtech3/build-deps/gtkglext-1.2.0/missing --run autoheader'
AUTOMAKE='${SHELL} /home/tim/Desktop/idtech3/build-deps/gtkglext-1.2.0/missing --run automake-1.7'
AWK='mawk'
BASE_DEPENDENCIES_CFLAGS=''
BASE_DEPENDENCIES_LIBS=''
CC='gcc'
CCDEPMODE='depmode=gcc3'
CFLAGS='-g -O2 -Wall'
CPP='gcc -E'
CPPFLAGS=''
CXX='g++'
CXXCPP='g++ -E'
CXXDEPMODE='depmode=gcc3'
CXXFLAGS='-g -O2'
CYGPATH_W='echo'
DEFS=''
DEPDIR='.deps'
DLLTOOL='dlltool'
ECHO='echo'
ECHO_C=''
ECHO_N='-n'
ECHO_T=''
EGREP='grep -E'
ENABLE_GTK_DOC_FALSE=''
ENABLE_GTK_DOC_TRUE=''
EXAMPLES_DEP_CFLAGS=''
EXEEXT=''
F77=''
FFLAGS=''
GDKGLEXT_DEP_CFLAGS=''
GDKGLEXT_DEP_LIBS=''
GDKGLEXT_EXTRA_CFLAGS=''
GDKGLEXT_EXTRA_LIBS=''
GDKGLEXT_MULTIHEAD_SUPPORT=''
GDKGLEXT_PACKAGES=''
GDKGLEXT_WIN_CFLAGS=''
GDKGLEXT_WIN_EXTRA_DEFS=''
GDKGLEXT_WIN_LIBS=''
GLIB_CFLAGS=''
GLIB_GENMARSHAL=''
GLIB_LIBS=''
GLIB_MKENUMS=''
GL_CFLAGS=''
GL_LIBS=''
GOBJECT_QUERY=''
GTKDOC=''
GTKGLEXT_API_MAJOR_VERSION='1'
GTKGLEXT_API_MINOR_VERSION='0'
GTKGLEXT_API_VERSION='1.0'
GTKGLEXT_BINARY_AGE='0'
GTKGLEXT_DEBUG_FLAGS='-DG_DISABLE_CAST_CHECKS'
GTKGLEXT_DEP_CFLAGS=''
GTKGLEXT_DEP_LIBS=''
GTKGLEXT_DEP_LIBS_WITH_PANGOFT2=''
GTKGLEXT_EXTRA_CFLAGS=''
GTKGLEXT_EXTRA_LIBS=''
GTKGLEXT_INTERFACE_AGE='0'
GTKGLEXT_MAJOR_VERSION='1'
GTKGLEXT_MICRO_VERSION='0'
GTKGLEXT_MINOR_VERSION='2'
GTKGLEXT_PACKAGES=''
GTKGLEXT_VERSION='1.2.0'
GTK_CFLAGS=''
GTK_LIBS=''
HTML_DIR=''
INDENT=''
INSTALL_DATA='${INSTALL} -m 644'
INSTALL_PROGRAM='${INSTALL}'
INSTALL_SCRIPT='${INSTALL}'
INSTALL_STRIP_PROGRAM='${SHELL} $(install_sh) -c -s'
LDFLAGS=''
LIBOBJS=''
LIBS=''
LIBTOOL='$(SHELL) $(top_builddir)/libtool'
LIBTOOL_EXPORT_OPTIONS='-export-symbols-regex "^[^_].*"'
LN_S='ln -s'
LTLIBOBJS=''
LT_AGE='0'
LT_CURRENT='0'
LT_CURRENT_MINUS_AGE='0'
LT_RELEASE='1.2'
LT_REVISION='0'
MAINT='#'
MAINTAINER_MODE_FALSE=''
MAINTAINER_MODE_TRUE='#'
MAKEINFO='${SHELL} /home/tim/Desktop/idtech3/build-deps/gtkglext-1.2.0/missing --run makeinfo'
MATH_LIB='-lm'
MS_LIB_AVAILABLE_FALSE=''
MS_LIB_AVAILABLE_TRUE='#'
MULTIHEAD_SUPPORT_FALSE=''
MULTIHEAD_SUPPORT_TRUE=''
OBJDUMP='objdump'
OBJEXT='o'
OS_WIN32_FALSE=''
OS_WIN32_TRUE='#'
PACKAGE='gtkglext'
PACKAGE_BUGREPORT='gtkglext-list@gnome.org'
PACKAGE_NAME='gtkglext'
PACKAGE_STRING='gtkglext 1.2.0'
PACKAGE_TARNAME='gtkglext'
PACKAGE_VERSION='1.2.0'
PATH_SEPARATOR=':'
PERL='/usr/bin/perl'
PKG_CONFIG='/usr/bin/pkg-config'
PLATFORM_WIN32_FALSE=''
PLATFORM_WIN32_TRUE='#'
RANLIB='ranlib'
REBUILD=''
SET_MAKE=''
SHELL='/bin/bash'
STRIP='strip'
USE_WIN32_FALSE=''
USE_WIN32_TRUE=''
USE_X11_FALSE=''
USE_X11_TRUE=''
VERSION='1.2.0'
WINDOWING_CFLAGS=''
WINDOWING_LIBS=''
X_CFLAGS=''
X_EXTRA_LIBS=''
X_LIBS=''
X_PRE_LIBS=''
ac_ct_AR='ar'
ac_ct_AS=''
ac_ct_CC='gcc'
ac_ct_CXX='g++'
ac_ct_DLLTOOL=''
ac_ct_F77=''
ac_ct_OBJDUMP=''
ac_ct_RANLIB='ranlib'
ac_ct_STRIP='strip'
ac_pt_PKG_CONFIG='/usr/bin/pkg-config'
am__fastdepCC_FALSE='#'
am__fastdepCC_TRUE=''
am__fastdepCXX_FALSE='#'
am__fastdepCXX_TRUE=''
am__include='include'
am__leading_dot='.'
am__quote=''
bindir='${exec_prefix}/bin'
build='x86_64-unknown-linux-gnu'
build_alias=''
build_cpu='x86_64'
build_os='linux-gnu'
build_vendor='unknown'
datadir='${prefix}/share'
exec_prefix='NONE'
gdkglext_targetlib='libgdkglext-x11-1.0.la'
gdktarget='x11'
gtkglext_targetlib='libgtkglext-x11-1.0.la'
host='x86_64-unknown-linux-gnu'
host_alias=''
host_cpu='x86_64'
host_os='linux-gnu'
host_vendor='unknown'
includedir='${prefix}/include'
infodir='${prefix}/info'
install_sh='/home/tim/Desktop/idtech3/build-deps/gtkglext-1.2.0/install-sh'
libdir='${exec_prefix}/lib'
libexecdir='${exec_prefix}/libexec'
localstatedir='${prefix}/var'
mandir='${prefix}/man'
ms_librarian=''
oldincludedir='/usr/include'
prefix='/home/tim/.local'
program_transform_name='s,x,x,'
sbindir='${exec_prefix}/sbin'
sharedstatedir='${prefix}/com'
sysconfdir='/home/tim/.local/etc'
target_alias=''

## ----------- ##
## confdefs.h. ##
## ----------- ##

#define HAVE_DLFCN_H 1
#define HAVE_INTTYPES_H 1
#define HAVE_MEMORY_H 1
#define HAVE_STDINT_H 1
#define HAVE_STDLIB_H 1
#define HAVE_STRINGS_H 1
#define HAVE_STRING_H 1
#define HAVE_SYS_STAT_H 1
#define HAVE_SYS_TYPES_H 1
#define HAVE_UNISTD_H 1
#define PACKAGE_BUGREPORT "gtkglext-list@gnome.org"
#define PACKAGE_NAME "gtkglext"
#define PACKAGE_STRING "gtkglext 1.2.0"
#define PACKAGE_TARNAME "gtkglext"
#define PACKAGE_VERSION "1.2.0"
#endif
#ifdef __cplusplus
extern "C" void std::exit (int) throw (); using std::exit;

configure: exit 1
